Archive member included to satisfy reference by file (symbol)

C:/Program Files/SEGGER/SEGGER Embedded Studio for ARM 4.12/lib/libc_v7em_fpv4_sp_d16_hard_t_le_eabi.a(libc_asm.o)
                              Output/ble_app_blinky_c_pca10056_s140 Release/Obj/bsp.o (__aeabi_uldivmod)
C:/Program Files/SEGGER/SEGGER Embedded Studio for ARM 4.12/lib/libc_v7em_fpv4_sp_d16_hard_t_le_eabi.a(libc2.o)
                              Output/ble_app_blinky_c_pca10056_s140 Release/Obj/nrf_log_str_formatter.o (isprint)
C:/Program Files/SEGGER/SEGGER Embedded Studio for ARM 4.12/lib/libc_v7em_fpv4_sp_d16_hard_t_le_eabi.a(libc2_asm.o)
                              Output/ble_app_blinky_c_pca10056_s140 Release/Obj/nrf_log_frontend.o (memcpy)
C:/Program Files/SEGGER/SEGGER Embedded Studio for ARM 4.12/lib/libc_v7em_fpv4_sp_d16_hard_t_le_eabi.a(libc.o)
                              C:/Program Files/SEGGER/SEGGER Embedded Studio for ARM 4.12/lib/libc_v7em_fpv4_sp_d16_hard_t_le_eabi.a(libc2.o) (__heap_lock)
C:/Program Files/SEGGER/SEGGER Embedded Studio for ARM 4.12/lib/libdebugio_v7em_fpv4_sp_d16_hard_t_le_eabi.a(libdebugio.o)
                              Output/ble_app_blinky_c_pca10056_s140 Release/Obj/thumb_crt0.o (debug_fopen)
C:/Program Files/SEGGER/SEGGER Embedded Studio for ARM 4.12/lib/libdebugio_mempoll_v7em_fpv4_sp_d16_hard_t_le_eabi.a(mempoll_debug_operations.o)
                              C:/Program Files/SEGGER/SEGGER Embedded Studio for ARM 4.12/lib/libdebugio_v7em_fpv4_sp_d16_hard_t_le_eabi.a(libdebugio.o) (__do_debug_operation)
C:/Program Files/SEGGER/SEGGER Embedded Studio for ARM 4.12/lib/libdebugio_mempoll_v7em_fpv4_sp_d16_hard_t_le_eabi.a(do_nv_debug_operation.o)
                              C:/Program Files/SEGGER/SEGGER Embedded Studio for ARM 4.12/lib/libdebugio_v7em_fpv4_sp_d16_hard_t_le_eabi.a(libdebugio.o) (__do_nvdebug_operation)
C:/Program Files/SEGGER/SEGGER Embedded Studio for ARM 4.12/lib/libm_v7em_fpv4_sp_d16_hard_t_le_eabi.a(libm_asm.o)
                              C:/Program Files/SEGGER/SEGGER Embedded Studio for ARM 4.12/lib/libc_v7em_fpv4_sp_d16_hard_t_le_eabi.a(libc2.o) (__aeabi_i2d)
C:/Program Files/SEGGER/SEGGER Embedded Studio for ARM 4.12/lib/libm_v7em_fpv4_sp_d16_hard_t_le_eabi.a(libm2.o)
                              C:/Program Files/SEGGER/SEGGER Embedded Studio for ARM 4.12/lib/libvfprintf_v7em_fpv4_sp_d16_hard_t_le_eabi.o (frexp)
C:/Program Files/SEGGER/SEGGER Embedded Studio for ARM 4.12/lib/libm_v7em_fpv4_sp_d16_hard_t_le_eabi.a(libm2_asm.o)
                              C:/Program Files/SEGGER/SEGGER Embedded Studio for ARM 4.12/lib/libm_v7em_fpv4_sp_d16_hard_t_le_eabi.a(libm2.o) (fabs)

Discarded input sections

 .text          0x0000000000000000        0x0 Output/ble_app_blinky_c_pca10056_s140 Release/Obj/thumb_crt0.o
 .data          0x0000000000000000        0x0 Output/ble_app_blinky_c_pca10056_s140 Release/Obj/thumb_crt0.o
 .bss           0x0000000000000000        0x0 Output/ble_app_blinky_c_pca10056_s140 Release/Obj/thumb_crt0.o
 .text.__aeabi_read_tp
                0x0000000000000000        0x8 Output/ble_app_blinky_c_pca10056_s140 Release/Obj/thumb_crt0.o
 .text.abort    0x0000000000000000        0x2 Output/ble_app_blinky_c_pca10056_s140 Release/Obj/thumb_crt0.o
 .text.__assert
                0x0000000000000000        0x2 Output/ble_app_blinky_c_pca10056_s140 Release/Obj/thumb_crt0.o
 .text.__aeabi_assert
                0x0000000000000000        0x2 Output/ble_app_blinky_c_pca10056_s140 Release/Obj/thumb_crt0.o
 .text.__sync_synchronize
                0x0000000000000000        0x2 Output/ble_app_blinky_c_pca10056_s140 Release/Obj/thumb_crt0.o
 .text.__getchar
                0x0000000000000000        0x4 Output/ble_app_blinky_c_pca10056_s140 Release/Obj/thumb_crt0.o
 .text.__putchar
                0x0000000000000000        0x4 Output/ble_app_blinky_c_pca10056_s140 Release/Obj/thumb_crt0.o
 .text.__open   0x0000000000000000        0x4 Output/ble_app_blinky_c_pca10056_s140 Release/Obj/thumb_crt0.o
 .text.__close  0x0000000000000000        0x4 Output/ble_app_blinky_c_pca10056_s140 Release/Obj/thumb_crt0.o
 .text.__write  0x0000000000000000        0xa Output/ble_app_blinky_c_pca10056_s140 Release/Obj/thumb_crt0.o
 .text.__read   0x0000000000000000        0xa Output/ble_app_blinky_c_pca10056_s140 Release/Obj/thumb_crt0.o
 .text.__seek   0x0000000000000000       0x1a Output/ble_app_blinky_c_pca10056_s140 Release/Obj/thumb_crt0.o
 .bss.__user_locale_name_buffer
                0x0000000000000000        0x4 Output/ble_app_blinky_c_pca10056_s140 Release/Obj/thumb_crt0.o
 .stack         0x0000000000000000        0x0 Output/ble_app_blinky_c_pca10056_s140 Release/Obj/thumb_crt0.o
 .stack_process
                0x0000000000000000        0x0 Output/ble_app_blinky_c_pca10056_s140 Release/Obj/thumb_crt0.o
 .heap          0x0000000000000000        0x0 Output/ble_app_blinky_c_pca10056_s140 Release/Obj/thumb_crt0.o
[...]
Memory Configuration

Name             Origin             Length             Attributes
UNPLACED_SECTIONS 0x0000000100000000 0x0000000000000000 xw
RAM              0x0000000020000000 0x0000000000040000 xw
FLASH            0x0000000000000000 0x0000000000100000 xw
*default*        0x0000000000000000 0xffffffffffffffff

Linker script and memory map

                0x0000000000000000                __vfprintf = __vfprintf_long
                0x0000000000000000                __vfscanf = __vfscanf_int
                0x0000000020000000                __RAM_segment_start__ = 0x20000000
                0x0000000020040000                __RAM_segment_end__ = 0x20040000
                0x0000000000040000                __RAM_segment_size__ = 0x40000
                0x0000000000000000                __FLASH_segment_start__ = 0x0
                0x0000000000100000                __FLASH_segment_end__ = 0x100000
                0x0000000000100000                __FLASH_segment_size__ = 0x100000
                0x0000000000000000                __HEAPSIZE__ = 0x0
                0x0000000000000000                __STACKSIZE_PROCESS__ = 0x0
                0x0000000000002000                __STACKSIZE__ = 0x2000
                0x0000000020000000                __reserved_ram_load_start__ = 0x20000000

.reserved_ram   0x0000000020000000     0x1d70
                0x0000000020000000                __reserved_ram_start__ = .
 *(.reserved_ram .reserved_ram.*)
                0x0000000020001d70                . = MAX (((__reserved_ram_start__ + 0x20001d70) - 0x20000000), .)
 *fill*         0x0000000020000000     0x1d70 
                0x0000000020001d70                __reserved_ram_end__ = (__reserved_ram_start__ + SIZEOF (.reserved_ram))
                0x0000000000001d70                __reserved_ram_size__ = SIZEOF (.reserved_ram)
                0x0000000020001d70                __reserved_ram_load_end__ = __reserved_ram_end__
                0x0000000000000001                . = ASSERT (((__reserved_ram_start__ == __reserved_ram_end__) || ((__reserved_ram_end__ >= __RAM_segment_start__) && (__reserved_ram_end__ <= __RAM_segment_end__))), error: .reserved_ram is too large to fit in RAM memory segment)
                0x0000000020001d70                __vectors_ram_load_start__ = 0x20001d70

.vectors_ram    0x0000000020001d70        0x0
                0x0000000020001d70                __vectors_ram_start__ = .
                0x0000000020001d70                __app_ram_start__ = __vectors_ram_start__
 *(.vectors_ram .vectors_ram.*)
                0x0000000020001d70                __vectors_ram_end__ = (__vectors_ram_start__ + SIZEOF (.vectors_ram))
                0x0000000000000000                __vectors_ram_size__ = SIZEOF (.vectors_ram)
                0x0000000020001d70                __vectors_ram_load_end__ = __vectors_ram_end__
                0x0000000000000001                . = ASSERT (((__vectors_ram_start__ == __vectors_ram_end__) || ((__vectors_ram_end__ >= __RAM_segment_start__) && (__vectors_ram_end__ <= __RAM_segment_end__))), error: .vectors_ram is too large to fit in RAM memory segment)
                0x0000000000000001                . = ASSERT ((__reserved_ram_end__ <= __vectors_ram_start__), error: section .reserved_ram overlaps absolute placed section .vectors_ram)
                0x0000000020001d70                __nrf_sections_run_load_start__ = ALIGN (__vectors_ram_end__, 0x4)

.nrf_sections_run
                0x0000000020001d70        0x0
                0x0000000020001d70                __nrf_sections_run_start__ = .
                0x0000000020001d70                __start_nrf_sections_run = __nrf_sections_run_start__
 *(.nrf_sections_run .nrf_sections_run.*)
                0x0000000020001d70                __nrf_sections_run_end__ = (__nrf_sections_run_start__ + SIZEOF (.nrf_sections_run))
                0x0000000000000000                __nrf_sections_run_size__ = SIZEOF (.nrf_sections_run)
                0x0000000020001d70                __nrf_sections_run_load_end__ = __nrf_sections_run_end__
                0x0000000000000001                . = ASSERT (((__nrf_sections_run_start__ == __nrf_sections_run_end__) || ((__nrf_sections_run_end__ >= __RAM_segment_start__) && (__nrf_sections_run_end__ <= __RAM_segment_end__))), error: .nrf_sections_run is too large to fit in RAM memory segment)
                0x0000000000000000                __reserved_flash_load_start__ = 0x0

.reserved_flash
                0x0000000000000000    0x26000
                0x0000000000000000                __reserved_flash_start__ = .
 *(.reserved_flash .reserved_flash.*)
                0x0000000000026000                . = MAX (((__reserved_flash_start__ + 0x26000) - 0x0), .)
 *fill*         0x0000000000000000    0x26000 
                0x0000000000026000                __reserved_flash_end__ = (__reserved_flash_start__ + SIZEOF (.reserved_flash))
                0x0000000000026000                __reserved_flash_size__ = SIZEOF (.reserved_flash)
                0x0000000000026000                __reserved_flash_load_end__ = __reserved_flash_end__
                0x0000000000000001                . = ASSERT (((__reserved_flash_start__ == __reserved_flash_end__) || ((__reserved_flash_end__ >= __FLASH_segment_start__) && (__reserved_flash_end__ <= __FLASH_segment_end__))), error: .reserved_flash is too large to fit in FLASH memory segment)
                0x0000000000026000                __vectors_load_start__ = 0x26000

.vectors        0x0000000000026000      0x100
                0x0000000000026000                __vectors_start__ = .
 *(.vectors .vectors.*)
 .vectors       0x0000000000026000      0x100 Output/ble_app_blinky_c_pca10056_s140 Release/Obj/ses_nrf52840_Vectors.o
                0x0000000000026000                _vectors
                0x0000000000026100                __vectors_end__ = (__vectors_start__ + SIZEOF (.vectors))
                0x0000000000000100                __vectors_size__ = SIZEOF (.vectors)
                0x0000000000026100                __vectors_load_end__ = __vectors_end__
                0x0000000000000001                . = ASSERT (((__vectors_start__ == __vectors_end__) || ((__vectors_end__ >= __FLASH_segment_start__) && (__vectors_end__ <= __FLASH_segment_end__))), error: .vectors is too large to fit in FLASH memory segment)
                0x0000000000000001                . = ASSERT ((__reserved_flash_end__ <= __vectors_start__), error: section .reserved_flash overlaps absolute placed section .vectors)
                0x0000000000026100                __init_load_start__ = ALIGN (__vectors_end__, 0x4)

.init           0x0000000000026100      0x224
                0x0000000000026100                __init_start__ = .
 *(.init .init.*)
 .init          0x0000000000026100      0x160 Output/ble_app_blinky_c_pca10056_s140 Release/Obj/thumb_crt0.o
                0x0000000000026100                _start
                0x00000000000261b6                exit
 .init          0x0000000000026260       0x58 Output/ble_app_blinky_c_pca10056_s140 Release/Obj/ses_nRF_Startup.o
                0x0000000000026260                Reset_Handler
                0x0000000000026284                InitializeUserMemorySections
 .init          0x00000000000262b8       0x6c Output/ble_app_blinky_c_pca10056_s140 Release/Obj/ses_nrf52840_Vectors.o
                0x00000000000262b8                NMI_Handler
                0x00000000000262ba                HardFault_Handler
                0x00000000000262bc                MemoryManagement_Handler
                0x00000000000262be                BusFault_Handler
                0x00000000000262c0                UsageFault_Handler
                0x00000000000262c2                SVC_Handler
                0x00000000000262c4                DebugMon_Handler
                0x00000000000262c6                PendSV_Handler
                0x00000000000262c8                SysTick_Handler
                0x00000000000262ce                RADIO_IRQHandler
                0x00000000000262d2                SPIM0_SPIS0_TWIM0_TWIS0_SPI0_TWI0_IRQHandler
                0x00000000000262d4                SPIM1_SPIS1_TWIM1_TWIS1_SPI1_TWI1_IRQHandler
                0x00000000000262d6                NFCT_IRQHandler
                0x00000000000262da                SAADC_IRQHandler
                0x00000000000262dc                TIMER0_IRQHandler
                0x00000000000262de                TIMER1_IRQHandler
                0x00000000000262e0                TIMER2_IRQHandler
                0x00000000000262e2                RTC0_IRQHandler
                0x00000000000262e4                TEMP_IRQHandler
                0x00000000000262e6                RNG_IRQHandler
                0x00000000000262e8                ECB_IRQHandler
                0x00000000000262ea                CCM_AAR_IRQHandler
                0x00000000000262ec                WDT_IRQHandler
                0x00000000000262f0                QDEC_IRQHandler
                0x00000000000262f2                COMP_LPCOMP_IRQHandler
                0x00000000000262f6                SWI1_EGU1_IRQHandler
                0x00000000000262fa                SWI3_EGU3_IRQHandler
                0x00000000000262fc                SWI4_EGU4_IRQHandler
                0x00000000000262fe                SWI5_EGU5_IRQHandler
                0x0000000000026300                TIMER3_IRQHandler
                0x0000000000026302                TIMER4_IRQHandler
                0x0000000000026306                PDM_IRQHandler
                0x0000000000026308                MWU_IRQHandler
                0x000000000002630e                SPIM2_SPIS2_SPI2_IRQHandler
                0x0000000000026310                RTC2_IRQHandler
                0x0000000000026312                I2S_IRQHandler
                0x0000000000026314                FPU_IRQHandler
                0x0000000000026316                USBD_IRQHandler
                0x0000000000026318                UARTE1_IRQHandler
                0x000000000002631a                QSPI_IRQHandler
                0x000000000002631c                CRYPTOCELL_IRQHandler
                0x000000000002631e                SPIM3_IRQHandler
                0x0000000000026320                PWM3_IRQHandler
                0x0000000000026324                __init_end__ = (__init_start__ + SIZEOF (.init))
                0x0000000000000224                __init_size__ = SIZEOF (.init)
                0x0000000000026324                __init_load_end__ = __init_end__
                0x0000000000000001                . = ASSERT (((__init_start__ == __init_end__) || ((__init_end__ >= __FLASH_segment_start__) && (__init_end__ <= __FLASH_segment_end__))), error: .init is too large to fit in FLASH memory segment)
                0x0000000000026324                __init_rodata_load_start__ = ALIGN (__init_end__, 0x4)

.init_rodata    0x0000000000026324        0x0
                0x0000000000026324                __init_rodata_start__ = .
 *(.init_rodata .init_rodata.*)
                0x0000000000026324                __init_rodata_end__ = (__init_rodata_start__ + SIZEOF (.init_rodata))
                0x0000000000000000                __init_rodata_size__ = SIZEOF (.init_rodata)
                0x0000000000026324                __init_rodata_load_end__ = __init_rodata_end__
                0x0000000000000001                . = ASSERT (((__init_rodata_start__ == __init_rodata_end__) || ((__init_rodata_end__ >= __FLASH_segment_start__) && (__init_rodata_end__ <= __FLASH_segment_end__))), error: .init_rodata is too large to fit in FLASH memory segment)
                0x0000000000026324                __text_load_start__ = ALIGN (__init_rodata_end__, 0x4)

.text           0x0000000000026324     0x4162
                0x0000000000026324                __text_start__ = .
 *(.text .text.* .glue_7t .glue_7 .gnu.linkonce.t.* .gcc_except_table .ARM.extab* .gnu.linkonce.armextab.*)
 .glue_7        0x0000000000026324        0x0 linker stubs
 .glue_7t       0x0000000000026324        0x0 linker stubs
 .text.nrf_log_backend_rtt_flush
                0x0000000000026324        0x2 Output/ble_app_blinky_c_pca10056_s140 Release/Obj/nrf_log_backend_rtt.o
 *fill*         0x0000000000026326        0x2 
 .text.nrf_log_backend_rtt_put
                0x0000000000026328       0x1c Output/ble_app_blinky_c_pca10056_s140 Release/Obj/nrf_log_backend_rtt.o
 .text.serial_tx
                0x0000000000026344       0x50 Output/ble_app_blinky_c_pca10056_s140 Release/Obj/nrf_log_backend_rtt.o
 .text.nrf_log_backend_rtt_panic_set
                0x0000000000026394        0x2 Output/ble_app_blinky_c_pca10056_s140 Release/Obj/nrf_log_backend_rtt.o
 .text.nrf_log_backend_rtt_init
                0x0000000000026396        0x4 Output/ble_app_blinky_c_pca10056_s140 Release/Obj/nrf_log_backend_rtt.o
                0x0000000000026396                nrf_log_backend_rtt_init
 .text.nrf_log_backend_serial_put
                0x000000000002639a       0xcc Output/ble_app_blinky_c_pca10056_s140 Release/Obj/nrf_log_backend_serial.o
                0x000000000002639a                nrf_log_backend_serial_put
 *fill*         0x0000000000026466        0x2 
 .text.nrf_log_default_backends_init
                0x0000000000026468       0x1c Output/ble_app_blinky_c_pca10056_s140 Release/Obj/nrf_log_default_backends.o
                0x0000000000026468                nrf_log_default_backends_init
 .text.invalid_packets_pushed_str_omit
                0x0000000000026484       0x50 Output/ble_app_blinky_c_pca10056_s140 Release/Obj/nrf_log_frontend.o
 .text.buf_prealloc
                0x00000000000264d4      0x134 Output/ble_app_blinky_c_pca10056_s140 Release/Obj/nrf_log_frontend.o
 .text.nrf_log_init
                0x0000000000026608       0x50 Output/ble_app_blinky_c_pca10056_s140 Release/Obj/nrf_log_frontend.o
                0x0000000000026608                nrf_log_init
 .text.nrf_log_module_name_get
                0x0000000000026658       0x3c Output/ble_app_blinky_c_pca10056_s140 Release/Obj/nrf_log_frontend.o
                0x0000000000026658                nrf_log_module_name_get
 .text.nrf_log_color_id_get
                0x0000000000026694       0x2c Output/ble_app_blinky_c_pca10056_s140 Release/Obj/nrf_log_frontend.o
                0x0000000000026694                nrf_log_color_id_get
 .text.buffer_is_empty
                0x00000000000266c0       0x14 Output/ble_app_blinky_c_pca10056_s140 Release/Obj/nrf_log_frontend.o
                0x00000000000266c0                buffer_is_empty
 .text.nrf_log_frontend_dequeue
                0x00000000000266d4      0x214 Output/ble_app_blinky_c_pca10056_s140 Release/Obj/nrf_log_frontend.o
                0x00000000000266d4                nrf_log_frontend_dequeue
 .text.std_n    0x00000000000268e8       0xb0 Output/ble_app_blinky_c_pca10056_s140 Release/Obj/nrf_log_frontend.o
 .text.nrf_log_frontend_std_0
                0x0000000000026998        0x8 Output/ble_app_blinky_c_pca10056_s140 Release/Obj/nrf_log_frontend.o
                0x0000000000026998                nrf_log_frontend_std_0
 .text.nrf_log_frontend_std_1
                0x00000000000269a0       0x14 Output/ble_app_blinky_c_pca10056_s140 Release/Obj/nrf_log_frontend.o
                0x00000000000269a0                nrf_log_frontend_std_1
 .text.nrf_log_frontend_std_2
                0x00000000000269b4       0x14 Output/ble_app_blinky_c_pca10056_s140 Release/Obj/nrf_log_frontend.o
                0x00000000000269b4                nrf_log_frontend_std_2
 .text.nrf_log_backend_add
                0x00000000000269c8       0x44 Output/ble_app_blinky_c_pca10056_s140 Release/Obj/nrf_log_frontend.o
                0x00000000000269c8                nrf_log_backend_add
 .text.nrf_log_panic
                0x0000000000026a0c       0x28 Output/ble_app_blinky_c_pca10056_s140 Release/Obj/nrf_log_frontend.o
                0x0000000000026a0c                nrf_log_panic
 .text.postfix_process
                0x0000000000026a34       0x3c Output/ble_app_blinky_c_pca10056_s140 Release/Obj/nrf_log_str_formatter.o
 .text.prefix_process
                0x0000000000026a70       0x78 Output/ble_app_blinky_c_pca10056_s140 Release/Obj/nrf_log_str_formatter.o
 .text.nrf_log_std_entry_process
                0x0000000000026ae8       0xc8 Output/ble_app_blinky_c_pca10056_s140 Release/Obj/nrf_log_str_formatter.o
                0x0000000000026ae8                nrf_log_std_entry_process
 .text.nrf_log_hexdump_entry_process
                0x0000000000026bb0       0xac Output/ble_app_blinky_c_pca10056_s140 Release/Obj/nrf_log_str_formatter.o
                0x0000000000026bb0                nrf_log_hexdump_entry_process
 .text.detection_delay_timeout_handler
                0x0000000000026c5c      0x104 Output/ble_app_blinky_c_pca10056_s140 Release/Obj/app_button.o
 .text.gpiote_event_handler
                0x0000000000026d60       0xa8 Output/ble_app_blinky_c_pca10056_s140 Release/Obj/app_button.o
 .text.app_button_init
                0x0000000000026e08       0xa8 Output/ble_app_blinky_c_pca10056_s140 Release/Obj/app_button.o
                0x0000000000026e08                app_button_init
 .text.app_button_enable
                0x0000000000026eb0       0x2c Output/ble_app_blinky_c_pca10056_s140 Release/Obj/app_button.o
                0x0000000000026eb0                app_button_enable
 .text.app_error_handler_bare
                0x0000000000026edc       0x1a Output/ble_app_blinky_c_pca10056_s140 Release/Obj/app_error.o
                0x0000000000026edc                app_error_handler_bare
 *fill*         0x0000000000026ef6        0x2 
 .text.app_error_fault_handler
                0x0000000000026ef8       0x6c Output/ble_app_blinky_c_pca10056_s140 Release/Obj/app_error_weak.o
                0x0000000000026ef8                app_error_fault_handler
 .text.user_op_alloc
                0x0000000000026f64       0x2c Output/ble_app_blinky_c_pca10056_s140 Release/Obj/app_timer.o
 .text.timer_stop_op_schedule
                0x0000000000026f90       0x50 Output/ble_app_blinky_c_pca10056_s140 Release/Obj/app_timer.o
 .text.nrfx_coredep_delay_us.constprop.3
                0x0000000000026fe0       0x10 Output/ble_app_blinky_c_pca10056_s140 Release/Obj/app_timer.o
 .text.rtc1_stop
                0x0000000000026ff0       0x44 Output/ble_app_blinky_c_pca10056_s140 Release/Obj/app_timer.o
 .text.RTC1_IRQHandler
                0x0000000000027034       0x9c Output/ble_app_blinky_c_pca10056_s140 Release/Obj/app_timer.o
                0x0000000000027034                RTC1_IRQHandler
 .text.SWI0_EGU0_IRQHandler
                0x00000000000270d0      0x2ac Output/ble_app_blinky_c_pca10056_s140 Release/Obj/app_timer.o
                0x00000000000270d0                SWI0_EGU0_IRQHandler
 .text.app_timer_init
                0x000000000002737c       0x60 Output/ble_app_blinky_c_pca10056_s140 Release/Obj/app_timer.o
                0x000000000002737c                app_timer_init
 .text.app_timer_create
                0x00000000000273dc       0x24 Output/ble_app_blinky_c_pca10056_s140 Release/Obj/app_timer.o
                0x00000000000273dc                app_timer_create
 .text.app_timer_start
                0x0000000000027400       0x88 Output/ble_app_blinky_c_pca10056_s140 Release/Obj/app_timer.o
                0x0000000000027400                app_timer_start
 .text.app_timer_stop
                0x0000000000027488       0x20 Output/ble_app_blinky_c_pca10056_s140 Release/Obj/app_timer.o
                0x0000000000027488                app_timer_stop
 .text.app_util_critical_region_enter
                0x00000000000274a8       0x48 Output/ble_app_blinky_c_pca10056_s140 Release/Obj/app_util_platform.o
                0x00000000000274a8                app_util_critical_region_enter
 .text.app_util_critical_region_exit
                0x00000000000274f0       0x2c Output/ble_app_blinky_c_pca10056_s140 Release/Obj/app_util_platform.o
                0x00000000000274f0                app_util_critical_region_exit
 .text.nrf_atfifo_item_get
                0x000000000002751c       0x56 Output/ble_app_blinky_c_pca10056_s140 Release/Obj/nrf_atfifo.o
                0x000000000002751c                nrf_atfifo_item_get
 .text.nrf_atfifo_item_free
                0x0000000000027572       0x20 Output/ble_app_blinky_c_pca10056_s140 Release/Obj/nrf_atfifo.o
                0x0000000000027572                nrf_atfifo_item_free
 .text.nrf_atflags_set
                0x0000000000027592       0x12 Output/ble_app_blinky_c_pca10056_s140 Release/Obj/nrf_atflags.o
                0x0000000000027592                nrf_atflags_set
 .text.nrf_atflags_clear
                0x00000000000275a4       0x14 Output/ble_app_blinky_c_pca10056_s140 Release/Obj/nrf_atflags.o
                0x00000000000275a4                nrf_atflags_clear
 .text.nrf_atflags_get
                0x00000000000275b8       0x12 Output/ble_app_blinky_c_pca10056_s140 Release/Obj/nrf_atflags.o
                0x00000000000275b8                nrf_atflags_get
 .text.nrf_atomic_u32_fetch_store
                0x00000000000275ca       0x14 Output/ble_app_blinky_c_pca10056_s140 Release/Obj/nrf_atomic.o
                0x00000000000275ca                nrf_atomic_u32_fetch_store
 .text.nrf_atomic_u32_or
                0x00000000000275de       0x16 Output/ble_app_blinky_c_pca10056_s140 Release/Obj/nrf_atomic.o
                0x00000000000275de                nrf_atomic_u32_or
 .text.nrf_atomic_u32_fetch_and
                0x00000000000275f4       0x16 Output/ble_app_blinky_c_pca10056_s140 Release/Obj/nrf_atomic.o
                0x00000000000275f4                nrf_atomic_u32_fetch_and
 .text.nrf_atomic_u32_and
                0x000000000002760a       0x16 Output/ble_app_blinky_c_pca10056_s140 Release/Obj/nrf_atomic.o
                0x000000000002760a                nrf_atomic_u32_and
 .text.nrf_atomic_u32_add
                0x0000000000027620       0x16 Output/ble_app_blinky_c_pca10056_s140 Release/Obj/nrf_atomic.o
                0x0000000000027620                nrf_atomic_u32_add
 .text.nrf_atomic_u32_sub
                0x0000000000027636       0x16 Output/ble_app_blinky_c_pca10056_s140 Release/Obj/nrf_atomic.o
                0x0000000000027636                nrf_atomic_u32_sub
 .text.nrf_atomic_flag_set
                0x000000000002764c        0x6 Output/ble_app_blinky_c_pca10056_s140 Release/Obj/nrf_atomic.o
                0x000000000002764c                nrf_atomic_flag_set
 .text.nrf_atomic_flag_clear_fetch
                0x0000000000027652        0x6 Output/ble_app_blinky_c_pca10056_s140 Release/Obj/nrf_atomic.o
                0x0000000000027652                nrf_atomic_flag_clear_fetch
 .text.nrf_balloc_init
                0x0000000000027658       0x2e Output/ble_app_blinky_c_pca10056_s140 Release/Obj/nrf_balloc.o
                0x0000000000027658                nrf_balloc_init
 .text.nrf_balloc_alloc
                0x0000000000027686       0x46 Output/ble_app_blinky_c_pca10056_s140 Release/Obj/nrf_balloc.o
                0x0000000000027686                nrf_balloc_alloc
 .text.nrf_balloc_free
                0x00000000000276cc       0x32 Output/ble_app_blinky_c_pca10056_s140 Release/Obj/nrf_balloc.o
                0x00000000000276cc                nrf_balloc_free
 .text.nrf_fprintf_buffer_flush
                0x00000000000276fe       0x16 Output/ble_app_blinky_c_pca10056_s140 Release/Obj/nrf_fprintf.o
                0x00000000000276fe                nrf_fprintf_buffer_flush
 .text.nrf_fprintf
                0x0000000000027714       0x1e Output/ble_app_blinky_c_pca10056_s140 Release/Obj/nrf_fprintf.o
                0x0000000000027714                nrf_fprintf
 .text.buffer_add
                0x0000000000027732       0x1e Output/ble_app_blinky_c_pca10056_s140 Release/Obj/nrf_fprintf_format.o
 .text.unsigned_print
                0x0000000000027750       0xac Output/ble_app_blinky_c_pca10056_s140 Release/Obj/nrf_fprintf_format.o
 .text.nrf_fprintf_fmt
                0x00000000000277fc      0x28a Output/ble_app_blinky_c_pca10056_s140 Release/Obj/nrf_fprintf_format.o
                0x00000000000277fc                nrf_fprintf_fmt
 .text.sd_flash_write
                0x0000000000027a86        0x4 Output/ble_app_blinky_c_pca10056_s140 Release/Obj/nrf_fstorage_sd.o
 .text.sd_flash_page_erase
                0x0000000000027a8a        0x4 Output/ble_app_blinky_c_pca10056_s140 Release/Obj/nrf_fstorage_sd.o
 .text.event_send
                0x0000000000027a8e       0x50 Output/ble_app_blinky_c_pca10056_s140 Release/Obj/nrf_fstorage_sd.o
 *fill*         0x0000000000027ade        0x2 
 .text.nrf_fstorage_sdh_req_handler
                0x0000000000027ae0       0x14 Output/ble_app_blinky_c_pca10056_s140 Release/Obj/nrf_fstorage_sd.o
                0x0000000000027ae0                nrf_fstorage_sdh_req_handler
 .text.queue_process
                0x0000000000027af4       0xa4 Output/ble_app_blinky_c_pca10056_s140 Release/Obj/nrf_fstorage_sd.o
 .text.nrf_fstorage_sys_evt_handler
                0x0000000000027b98       0xa8 Output/ble_app_blinky_c_pca10056_s140 Release/Obj/nrf_fstorage_sd.o
                0x0000000000027b98                nrf_fstorage_sys_evt_handler
 .text.nrf_fstorage_sdh_state_handler
                0x0000000000027c40       0x20 Output/ble_app_blinky_c_pca10056_s140 Release/Obj/nrf_fstorage_sd.o
                0x0000000000027c40                nrf_fstorage_sdh_state_handler
 .text.nrf_memobj_pool_init
                0x0000000000027c60        0x4 Output/ble_app_blinky_c_pca10056_s140 Release/Obj/nrf_memobj.o
                0x0000000000027c60                nrf_memobj_pool_init
 .text.nrf_memobj_free
                0x0000000000027c64       0x2c Output/ble_app_blinky_c_pca10056_s140 Release/Obj/nrf_memobj.o
                0x0000000000027c64                nrf_memobj_free
 .text.nrf_memobj_alloc
                0x0000000000027c90       0x5e Output/ble_app_blinky_c_pca10056_s140 Release/Obj/nrf_memobj.o
                0x0000000000027c90                nrf_memobj_alloc
 .text.nrf_memobj_get
                0x0000000000027cee        0x8 Output/ble_app_blinky_c_pca10056_s140 Release/Obj/nrf_memobj.o
                0x0000000000027cee                nrf_memobj_get
 .text.nrf_memobj_put
                0x0000000000027cf6       0x1e Output/ble_app_blinky_c_pca10056_s140 Release/Obj/nrf_memobj.o
                0x0000000000027cf6                nrf_memobj_put
 .text.nrf_memobj_write
                0x0000000000027d14       0x52 Output/ble_app_blinky_c_pca10056_s140 Release/Obj/nrf_memobj.o
                0x0000000000027d14                nrf_memobj_write
 .text.nrf_memobj_read
                0x0000000000027d66       0x52 Output/ble_app_blinky_c_pca10056_s140 Release/Obj/nrf_memobj.o
                0x0000000000027d66                nrf_memobj_read
 .text.sd_app_evt_wait
                0x0000000000027db8        0x4 Output/ble_app_blinky_c_pca10056_s140 Release/Obj/nrf_pwr_mgmt.o
 .text.nrf_pwr_mgmt_init
                0x0000000000027dbc       0x2c Output/ble_app_blinky_c_pca10056_s140 Release/Obj/nrf_pwr_mgmt.o
                0x0000000000027dbc                nrf_pwr_mgmt_init
 .text.nrf_pwr_mgmt_run
                0x0000000000027de8       0x4c Output/ble_app_blinky_c_pca10056_s140 Release/Obj/nrf_pwr_mgmt.o
                0x0000000000027de8                nrf_pwr_mgmt_run
 .text.nrf_section_iter_init
                0x0000000000027e34       0x14 Output/ble_app_blinky_c_pca10056_s140 Release/Obj/nrf_section_iter.o
                0x0000000000027e34                nrf_section_iter_init
 .text.nrf_section_iter_next
                0x0000000000027e48       0x18 Output/ble_app_blinky_c_pca10056_s140 Release/Obj/nrf_section_iter.o
                0x0000000000027e48                nrf_section_iter_next
 .text.nrf_strerror_find
                0x0000000000027e60       0x3c Output/ble_app_blinky_c_pca10056_s140 Release/Obj/nrf_strerror.o
                0x0000000000027e60                nrf_strerror_find
 .text.nrf_strerror_get
                0x0000000000027e9c       0x14 Output/ble_app_blinky_c_pca10056_s140 Release/Obj/nrf_strerror.o
                0x0000000000027e9c                nrf_strerror_get
 .text.errata_98
                0x0000000000027eb0       0x20 Output/ble_app_blinky_c_pca10056_s140 Release/Obj/system_nrf52840.o
 .text.SystemInit
                0x0000000000027ed0      0x1b8 Output/ble_app_blinky_c_pca10056_s140 Release/Obj/system_nrf52840.o
                0x0000000000027ed0                SystemInit
 .text.bsp_board_led_on
                0x0000000000028088       0x28 Output/ble_app_blinky_c_pca10056_s140 Release/Obj/boards.o
                0x0000000000028088                bsp_board_led_on
 .text.bsp_board_led_off
                0x00000000000280b0       0x28 Output/ble_app_blinky_c_pca10056_s140 Release/Obj/boards.o
                0x00000000000280b0                bsp_board_led_off
 .text.bsp_board_leds_off
                0x00000000000280d8       0x1e Output/ble_app_blinky_c_pca10056_s140 Release/Obj/boards.o
                0x00000000000280d8                bsp_board_leds_off
 *fill*         0x00000000000280f6        0x2 
 .text.bsp_board_init
                0x00000000000280f8       0xac Output/ble_app_blinky_c_pca10056_s140 Release/Obj/boards.o
                0x00000000000280f8                bsp_board_init
 .text.clock_clk_started_notify
                0x00000000000281a4       0x28 Output/ble_app_blinky_c_pca10056_s140 Release/Obj/nrf_drv_clock.o
 .text.clock_irq_handler
                0x00000000000281cc       0x1c Output/ble_app_blinky_c_pca10056_s140 Release/Obj/nrf_drv_clock.o
 .text.soc_evt_handler
                0x00000000000281e8       0x14 Output/ble_app_blinky_c_pca10056_s140 Release/Obj/nrf_drv_clock.o
 .text.nrf_drv_clock_init
                0x00000000000281fc       0x38 Output/ble_app_blinky_c_pca10056_s140 Release/Obj/nrf_drv_clock.o
                0x00000000000281fc                nrf_drv_clock_init
 .text.nrf_drv_clock_lfclk_release
                0x0000000000028234       0x30 Output/ble_app_blinky_c_pca10056_s140 Release/Obj/nrf_drv_clock.o
                0x0000000000028234                nrf_drv_clock_lfclk_release
 .text.sd_state_evt_handler
                0x0000000000028264       0x58 Output/ble_app_blinky_c_pca10056_s140 Release/Obj/nrf_drv_clock.o
 .text.nrf_clock_event_clear
                0x00000000000282bc       0x14 Output/ble_app_blinky_c_pca10056_s140 Release/Obj/nrfx_clock.o
 .text.nrfx_clock_init
                0x00000000000282d0       0x1c Output/ble_app_blinky_c_pca10056_s140 Release/Obj/nrfx_clock.o
                0x00000000000282d0                nrfx_clock_init
 .text.nrfx_clock_enable
                0x00000000000282ec       0x28 Output/ble_app_blinky_c_pca10056_s140 Release/Obj/nrfx_clock.o
                0x00000000000282ec                nrfx_clock_enable
 .text.nrfx_clock_lfclk_stop
                0x0000000000028314       0x18 Output/ble_app_blinky_c_pca10056_s140 Release/Obj/nrfx_clock.o
                0x0000000000028314                nrfx_clock_lfclk_stop
 .text.POWER_CLOCK_IRQHandler
                0x000000000002832c       0x58 Output/ble_app_blinky_c_pca10056_s140 Release/Obj/nrfx_clock.o
                0x000000000002832c                POWER_CLOCK_IRQHandler
 .text.nrf_gpiote_event_clear
                0x0000000000028384       0x18 Output/ble_app_blinky_c_pca10056_s140 Release/Obj/nrfx_gpiote.o
 .text.nrf_gpio_pin_port_decode
                0x000000000002839c       0x18 Output/ble_app_blinky_c_pca10056_s140 Release/Obj/nrfx_gpiote.o
 .text.nrf_gpio_cfg_sense_set
                0x00000000000283b4       0x32 Output/ble_app_blinky_c_pca10056_s140 Release/Obj/nrfx_gpiote.o
 *fill*         0x00000000000283e6        0x2 
 .text.channel_free
                0x00000000000283e8       0x1c Output/ble_app_blinky_c_pca10056_s140 Release/Obj/nrfx_gpiote.o
 .text.nrfx_gpiote_init
                0x0000000000028404       0x70 Output/ble_app_blinky_c_pca10056_s140 Release/Obj/nrfx_gpiote.o
                0x0000000000028404                nrfx_gpiote_init
 .text.nrfx_gpiote_is_init
                0x0000000000028474       0x14 Output/ble_app_blinky_c_pca10056_s140 Release/Obj/nrfx_gpiote.o
                0x0000000000028474                nrfx_gpiote_is_init
 .text.nrfx_gpiote_in_init
                0x0000000000028488      0x10c Output/ble_app_blinky_c_pca10056_s140 Release/Obj/nrfx_gpiote.o
                0x0000000000028488                nrfx_gpiote_in_init
 .text.nrfx_gpiote_in_event_enable
                0x0000000000028594       0x94 Output/ble_app_blinky_c_pca10056_s140 Release/Obj/nrfx_gpiote.o
                0x0000000000028594                nrfx_gpiote_in_event_enable
 .text.nrfx_gpiote_in_is_set
                0x0000000000028628       0x20 Output/ble_app_blinky_c_pca10056_s140 Release/Obj/nrfx_gpiote.o
                0x0000000000028628                nrfx_gpiote_in_is_set
 .text.GPIOTE_IRQHandler
                0x0000000000028648      0x1a4 Output/ble_app_blinky_c_pca10056_s140 Release/Obj/nrfx_gpiote.o
                0x0000000000028648                GPIOTE_IRQHandler
 .text.UARTE0_UART0_IRQHandler
                0x00000000000287ec        0xc Output/ble_app_blinky_c_pca10056_s140 Release/Obj/nrfx_prs.o
                0x00000000000287ec                UARTE0_UART0_IRQHandler
 .text.nrf_pwm_event_clear
                0x00000000000287f8       0x10 Output/ble_app_blinky_c_pca10056_s140 Release/Obj/nrfx_pwm.o
 .text.irq_handler
                0x0000000000028808       0x80 Output/ble_app_blinky_c_pca10056_s140 Release/Obj/nrfx_pwm.o
 .text.start_playback.isra.1
                0x0000000000028888       0x4c Output/ble_app_blinky_c_pca10056_s140 Release/Obj/nrfx_pwm.o
 .text.nrfx_pwm_init
                0x00000000000288d4      0x17c Output/ble_app_blinky_c_pca10056_s140 Release/Obj/nrfx_pwm.o
                0x00000000000288d4                nrfx_pwm_init
 .text.nrfx_pwm_simple_playback
                0x0000000000028a50       0x74 Output/ble_app_blinky_c_pca10056_s140 Release/Obj/nrfx_pwm.o
                0x0000000000028a50                nrfx_pwm_simple_playback
 .text.PWM0_IRQHandler
                0x0000000000028ac4       0x10 Output/ble_app_blinky_c_pca10056_s140 Release/Obj/nrfx_pwm.o
                0x0000000000028ac4                PWM0_IRQHandler
 .text.PWM1_IRQHandler
                0x0000000000028ad4       0x10 Output/ble_app_blinky_c_pca10056_s140 Release/Obj/nrfx_pwm.o
                0x0000000000028ad4                PWM1_IRQHandler
 .text.PWM2_IRQHandler
                0x0000000000028ae4       0x10 Output/ble_app_blinky_c_pca10056_s140 Release/Obj/nrfx_pwm.o
                0x0000000000028ae4                PWM2_IRQHandler
 .text.bsp_event_to_button_action_assign
                0x0000000000028af4       0x34 Output/ble_app_blinky_c_pca10056_s140 Release/Obj/bsp.o
                0x0000000000028af4                bsp_event_to_button_action_assign
 .text.advertising_buttons_configure
                0x0000000000028b28       0x36 Output/ble_app_blinky_c_pca10056_s140 Release/Obj/bsp_btn_ble.o
 *fill*         0x0000000000028b5e        0x2 
 .text.ble_evt_handler
                0x0000000000028b60       0x80 Output/ble_app_blinky_c_pca10056_s140 Release/Obj/bsp_btn_ble.o
 .text.sd_ble_gap_conn_param_update
                0x0000000000028be0        0x4 Output/ble_app_blinky_c_pca10056_s140 Release/Obj/main.o
 .text.sd_ble_gap_disconnect
                0x0000000000028be4        0x4 Output/ble_app_blinky_c_pca10056_s140 Release/Obj/main.o
 .text.sd_ble_gap_scan_start
                0x0000000000028be8        0x4 Output/ble_app_blinky_c_pca10056_s140 Release/Obj/main.o
 .text.sd_ble_gap_scan_stop
                0x0000000000028bec        0x4 Output/ble_app_blinky_c_pca10056_s140 Release/Obj/main.o
 .text.sd_ble_gap_phy_update
                0x0000000000028bf0        0x4 Output/ble_app_blinky_c_pca10056_s140 Release/Obj/main.o
 .text.scan_start
                0x0000000000028bf4       0x2c Output/ble_app_blinky_c_pca10056_s140 Release/Obj/main.o
 .text.singleshot_timer_handler
                0x0000000000028c20        0x4 Output/ble_app_blinky_c_pca10056_s140 Release/Obj/main.o
 .text.db_disc_handler
                0x0000000000028c24        0xc Output/ble_app_blinky_c_pca10056_s140 Release/Obj/main.o
 .text.button_event_handler
                0x0000000000028c30       0x48 Output/ble_app_blinky_c_pca10056_s140 Release/Obj/main.o
 .text.lbs_c_evt_handler
                0x0000000000028c78       0x84 Output/ble_app_blinky_c_pca10056_s140 Release/Obj/main.o
 .text.nrf_delay_ms.part.0
                0x0000000000028cfc       0x1c Output/ble_app_blinky_c_pca10056_s140 Release/Obj/main.o
 .text.Color_Change
                0x0000000000028d18       0x40 Output/ble_app_blinky_c_pca10056_s140 Release/Obj/main.o
                0x0000000000028d18                Color_Change
 .text.ble_evt_handler
                0x0000000000028d58      0x124 Output/ble_app_blinky_c_pca10056_s140 Release/Obj/main.o
 .text.startup.main
                0x0000000000028e7c      0x130 Output/ble_app_blinky_c_pca10056_s140 Release/Obj/main.o
                0x0000000000028e7c                main
 .text._GetAvailWriteSpace
                0x0000000000028fac       0x1c Output/ble_app_blinky_c_pca10056_s140 Release/Obj/SEGGER_RTT.o
 .text._WriteNoCheck
                0x0000000000028fc8       0x3a Output/ble_app_blinky_c_pca10056_s140 Release/Obj/SEGGER_RTT.o
 .text._WriteBlocking
                0x0000000000029002       0x52 Output/ble_app_blinky_c_pca10056_s140 Release/Obj/SEGGER_RTT.o
 .text._DoInit  0x0000000000029054       0x60 Output/ble_app_blinky_c_pca10056_s140 Release/Obj/SEGGER_RTT.o
 .text.SEGGER_RTT_WriteNoLock
                0x00000000000290b4       0x68 Output/ble_app_blinky_c_pca10056_s140 Release/Obj/SEGGER_RTT.o
                0x00000000000290b4                SEGGER_RTT_WriteNoLock
 .text.SEGGER_RTT_Init
                0x000000000002911c        0x4 Output/ble_app_blinky_c_pca10056_s140 Release/Obj/SEGGER_RTT.o
                0x000000000002911c                SEGGER_RTT_Init
 .text.ble_advdata_search
                0x0000000000029120       0x38 Output/ble_app_blinky_c_pca10056_s140 Release/Obj/ble_advdata.o
                0x0000000000029120                ble_advdata_search
 .text.ble_advdata_parse
                0x0000000000029158       0x20 Output/ble_app_blinky_c_pca10056_s140 Release/Obj/ble_advdata.o
                0x0000000000029158                ble_advdata_parse
 .text.ble_advdata_name_find
                0x0000000000029178       0x48 Output/ble_app_blinky_c_pca10056_s140 Release/Obj/ble_advdata.o
                0x0000000000029178                ble_advdata_name_find
 .text.conn_handle_list_get
                0x00000000000291c0       0x2e Output/ble_app_blinky_c_pca10056_s140 Release/Obj/ble_conn_state.o
                0x00000000000291c0                conn_handle_list_get
 *fill*         0x00000000000291ee        0x2 
 .text.ble_evt_handler
                0x00000000000291f0       0xd8 Output/ble_app_blinky_c_pca10056_s140 Release/Obj/ble_conn_state.o
 .text.sd_ble_gattc_primary_services_discover
                0x00000000000292c8        0x4 Output/ble_app_blinky_c_pca10056_s140 Release/Obj/ble_db_discovery.o
 .text.sd_ble_gattc_characteristics_discover
                0x00000000000292cc        0x4 Output/ble_app_blinky_c_pca10056_s140 Release/Obj/ble_db_discovery.o
 .text.sd_ble_gattc_descriptors_discover
                0x00000000000292d0        0x4 Output/ble_app_blinky_c_pca10056_s140 Release/Obj/ble_db_discovery.o
 .text.registered_handler_get
                0x00000000000292d4       0x40 Output/ble_app_blinky_c_pca10056_s140 Release/Obj/ble_db_discovery.o
 .text.discovery_error_evt_trigger
                0x0000000000029314       0x38 Output/ble_app_blinky_c_pca10056_s140 Release/Obj/ble_db_discovery.o
 .text.discovery_complete_evt_trigger
                0x000000000002934c       0x84 Output/ble_app_blinky_c_pca10056_s140 Release/Obj/ble_db_discovery.o
 .text.characteristics_discover
                0x00000000000293d0       0x48 Output/ble_app_blinky_c_pca10056_s140 Release/Obj/ble_db_discovery.o
 .text.discovery_start
                0x0000000000029418       0x60 Output/ble_app_blinky_c_pca10056_s140 Release/Obj/ble_db_discovery.o
 .text.on_srv_disc_completion
                0x0000000000029478       0x74 Output/ble_app_blinky_c_pca10056_s140 Release/Obj/ble_db_discovery.o
 .text.descriptors_discover
                0x00000000000294ec       0xcc Output/ble_app_blinky_c_pca10056_s140 Release/Obj/ble_db_discovery.o
 .text.ble_db_discovery_init
                0x00000000000295b8       0x30 Output/ble_app_blinky_c_pca10056_s140 Release/Obj/ble_db_discovery.o
                0x00000000000295b8                ble_db_discovery_init
 .text.ble_db_discovery_evt_register
                0x00000000000295e8       0x44 Output/ble_app_blinky_c_pca10056_s140 Release/Obj/ble_db_discovery.o
                0x00000000000295e8                ble_db_discovery_evt_register
 .text.ble_db_discovery_start
                0x000000000002962c       0x2c Output/ble_app_blinky_c_pca10056_s140 Release/Obj/ble_db_discovery.o
                0x000000000002962c                ble_db_discovery_start
 .text.ble_db_discovery_on_ble_evt
                0x0000000000029658      0x248 Output/ble_app_blinky_c_pca10056_s140 Release/Obj/ble_db_discovery.o
                0x0000000000029658                ble_db_discovery_on_ble_evt
 .text.sd_ble_gap_data_length_update
                0x00000000000298a0        0x4 Output/ble_app_blinky_c_pca10056_s140 Release/Obj/nrf_ble_gatt.o
 .text.sd_ble_gattc_exchange_mtu_request
                0x00000000000298a4        0x4 Output/ble_app_blinky_c_pca10056_s140 Release/Obj/nrf_ble_gatt.o
 .text.sd_ble_gatts_exchange_mtu_reply
                0x00000000000298a8        0x4 Output/ble_app_blinky_c_pca10056_s140 Release/Obj/nrf_ble_gatt.o
 .text.data_length_update
                0x00000000000298ac       0x84 Output/ble_app_blinky_c_pca10056_s140 Release/Obj/nrf_ble_gatt.o
 .text.nrf_ble_gatt_init
                0x0000000000029930       0x28 Output/ble_app_blinky_c_pca10056_s140 Release/Obj/nrf_ble_gatt.o
                0x0000000000029930                nrf_ble_gatt_init
 .text.nrf_ble_gatt_on_ble_evt
                0x0000000000029958      0x1a4 Output/ble_app_blinky_c_pca10056_s140 Release/Obj/nrf_ble_gatt.o
                0x0000000000029958                nrf_ble_gatt_on_ble_evt
 .text.sd_ble_gattc_read
                0x0000000000029afc        0x4 Output/ble_app_blinky_c_pca10056_s140 Release/Obj/ble_lbs_c.o
 .text.sd_ble_gattc_write
                0x0000000000029b00        0x4 Output/ble_app_blinky_c_pca10056_s140 Release/Obj/ble_lbs_c.o
 .text.sd_ble_uuid_vs_add
                0x0000000000029b04        0x4 Output/ble_app_blinky_c_pca10056_s140 Release/Obj/ble_lbs_c.o
 .text.tx_buffer_process
                0x0000000000029b08       0x44 Output/ble_app_blinky_c_pca10056_s140 Release/Obj/ble_lbs_c.o
 .text.ble_lbs_on_db_disc_evt
                0x0000000000029b4c       0xb0 Output/ble_app_blinky_c_pca10056_s140 Release/Obj/ble_lbs_c.o
                0x0000000000029b4c                ble_lbs_on_db_disc_evt
 .text.ble_lbs_c_init
                0x0000000000029bfc       0x64 Output/ble_app_blinky_c_pca10056_s140 Release/Obj/ble_lbs_c.o
                0x0000000000029bfc                ble_lbs_c_init
 .text.ble_lbs_c_on_ble_evt
                0x0000000000029c60       0x6a Output/ble_app_blinky_c_pca10056_s140 Release/Obj/ble_lbs_c.o
                0x0000000000029c60                ble_lbs_c_on_ble_evt
 *fill*         0x0000000000029cca        0x2 
 .text.ble_lbs_c_button_notif_enable
                0x0000000000029ccc       0x58 Output/ble_app_blinky_c_pca10056_s140 Release/Obj/ble_lbs_c.o
                0x0000000000029ccc                ble_lbs_c_button_notif_enable
 .text.ble_lbs_led_status_send
                0x0000000000029d24       0x58 Output/ble_app_blinky_c_pca10056_s140 Release/Obj/ble_lbs_c.o
                0x0000000000029d24                ble_lbs_led_status_send
 .text.ble_lbs_c_handles_assign
                0x0000000000029d7c       0x18 Output/ble_app_blinky_c_pca10056_s140 Release/Obj/ble_lbs_c.o
                0x0000000000029d7c                ble_lbs_c_handles_assign
 .text.sd_softdevice_enable
                0x0000000000029d94        0x4 Output/ble_app_blinky_c_pca10056_s140 Release/Obj/nrf_sdh.o
 .text.sd_softdevice_disable
                0x0000000000029d98        0x4 Output/ble_app_blinky_c_pca10056_s140 Release/Obj/nrf_sdh.o
 .text.sdh_request_observer_notify
                0x0000000000029d9c       0x30 Output/ble_app_blinky_c_pca10056_s140 Release/Obj/nrf_sdh.o
 .text.sdh_state_observer_notify
                0x0000000000029dcc       0x28 Output/ble_app_blinky_c_pca10056_s140 Release/Obj/nrf_sdh.o
 .text.softdevice_evt_irq_disable
                0x0000000000029df4       0x24 Output/ble_app_blinky_c_pca10056_s140 Release/Obj/nrf_sdh.o
 .text.softdevices_evt_irq_enable
                0x0000000000029e18       0x38 Output/ble_app_blinky_c_pca10056_s140 Release/Obj/nrf_sdh.o
 .text.nrf_sdh_enable_request
                0x0000000000029e50       0x78 Output/ble_app_blinky_c_pca10056_s140 Release/Obj/nrf_sdh.o
                0x0000000000029e50                nrf_sdh_enable_request
 .text.nrf_sdh_disable_request
                0x0000000000029ec8       0x60 Output/ble_app_blinky_c_pca10056_s140 Release/Obj/nrf_sdh.o
                0x0000000000029ec8                nrf_sdh_disable_request
 .text.nrf_sdh_request_continue
                0x0000000000029f28       0x20 Output/ble_app_blinky_c_pca10056_s140 Release/Obj/nrf_sdh.o
                0x0000000000029f28                nrf_sdh_request_continue
 .text.nrf_sdh_is_enabled
                0x0000000000029f48        0xc Output/ble_app_blinky_c_pca10056_s140 Release/Obj/nrf_sdh.o
                0x0000000000029f48                nrf_sdh_is_enabled
 .text.nrf_sdh_evts_poll
                0x0000000000029f54       0x28 Output/ble_app_blinky_c_pca10056_s140 Release/Obj/nrf_sdh.o
                0x0000000000029f54                nrf_sdh_evts_poll
 .text.SWI2_EGU2_IRQHandler
                0x0000000000029f7c        0x4 Output/ble_app_blinky_c_pca10056_s140 Release/Obj/nrf_sdh.o
                0x0000000000029f7c                SWI2_EGU2_IRQHandler
 .text.sd_ble_enable
                0x0000000000029f80        0x4 Output/ble_app_blinky_c_pca10056_s140 Release/Obj/nrf_sdh_ble.o
 .text.sd_ble_cfg_set
                0x0000000000029f84        0x4 Output/ble_app_blinky_c_pca10056_s140 Release/Obj/nrf_sdh_ble.o
 .text.sd_ble_evt_get
                0x0000000000029f88        0x4 Output/ble_app_blinky_c_pca10056_s140 Release/Obj/nrf_sdh_ble.o
 .text.nrf_sdh_ble_evts_poll
                0x0000000000029f8c       0x50 Output/ble_app_blinky_c_pca10056_s140 Release/Obj/nrf_sdh_ble.o
 .text.nrf_sdh_ble_default_cfg_set
                0x0000000000029fdc      0x154 Output/ble_app_blinky_c_pca10056_s140 Release/Obj/nrf_sdh_ble.o
                0x0000000000029fdc                nrf_sdh_ble_default_cfg_set
 .text.nrf_sdh_ble_enable
                0x000000000002a130       0x94 Output/ble_app_blinky_c_pca10056_s140 Release/Obj/nrf_sdh_ble.o
                0x000000000002a130                nrf_sdh_ble_enable
 .text.sd_evt_get
                0x000000000002a1c4        0x4 Output/ble_app_blinky_c_pca10056_s140 Release/Obj/nrf_sdh_soc.o
 .text.nrf_sdh_soc_evts_poll
                0x000000000002a1c8       0x3c Output/ble_app_blinky_c_pca10056_s140 Release/Obj/nrf_sdh_soc.o
 .text.libc.__RAL_ascii_isctype
                0x000000000002a204       0x1c C:/Program Files/SEGGER/SEGGER Embedded Studio for ARM 4.12/lib/libc_v7em_fpv4_sp_d16_hard_t_le_eabi.a(libc2.o)
 .text.libc.__RAL_ascii_toupper
                0x000000000002a220        0xc C:/Program Files/SEGGER/SEGGER Embedded Studio for ARM 4.12/lib/libc_v7em_fpv4_sp_d16_hard_t_le_eabi.a(libc2.o)
 .text.libc.__RAL_ascii_tolower
                0x000000000002a22c        0xc C:/Program Files/SEGGER/SEGGER Embedded Studio for ARM 4.12/lib/libc_v7em_fpv4_sp_d16_hard_t_le_eabi.a(libc2.o)
 .text.libc.__RAL_ascii_iswctype
                0x000000000002a238       0x1c C:/Program Files/SEGGER/SEGGER Embedded Studio for ARM 4.12/lib/libc_v7em_fpv4_sp_d16_hard_t_le_eabi.a(libc2.o)
 .text.libc.__RAL_ascii_towupper
                0x000000000002a254        0xc C:/Program Files/SEGGER/SEGGER Embedded Studio for ARM 4.12/lib/libc_v7em_fpv4_sp_d16_hard_t_le_eabi.a(libc2.o)
 .text.libc.__RAL_ascii_towlower
                0x000000000002a260        0xc C:/Program Files/SEGGER/SEGGER Embedded Studio for ARM 4.12/lib/libc_v7em_fpv4_sp_d16_hard_t_le_eabi.a(libc2.o)
 .text.libc.__RAL_ascii_wctomb
                0x000000000002a26c        0xe C:/Program Files/SEGGER/SEGGER Embedded Studio for ARM 4.12/lib/libc_v7em_fpv4_sp_d16_hard_t_le_eabi.a(libc2.o)
                0x000000000002a26c                __RAL_ascii_wctomb
 .text.libc.__RAL_ascii_mbtowc
                0x000000000002a27a       0x24 C:/Program Files/SEGGER/SEGGER Embedded Studio for ARM 4.12/lib/libc_v7em_fpv4_sp_d16_hard_t_le_eabi.a(libc2.o)
                0x000000000002a27a                __RAL_ascii_mbtowc
 *fill*         0x000000000002a29e        0x2 
 .text.libc.__RAL_isctype
                0x000000000002a2a0       0x14 C:/Program Files/SEGGER/SEGGER Embedded Studio for ARM 4.12/lib/libc_v7em_fpv4_sp_d16_hard_t_le_eabi.a(libc2.o)
                0x000000000002a2a0                __RAL_isctype
 .text.libc.isprint
                0x000000000002a2b4        0xa C:/Program Files/SEGGER/SEGGER Embedded Studio for ARM 4.12/lib/libc_v7em_fpv4_sp_d16_hard_t_le_eabi.a(libc2.o)
                0x000000000002a2b4                isprint
 .text.libc.memcmp
                0x000000000002a2be       0x6c C:/Program Files/SEGGER/SEGGER Embedded Studio for ARM 4.12/lib/libc_v7em_fpv4_sp_d16_hard_t_le_eabi.a(libc2.o)
                0x000000000002a2be                memcmp
 .text.libc.memcpy
                0x000000000002a32a       0x52 C:/Program Files/SEGGER/SEGGER Embedded Studio for ARM 4.12/lib/libc_v7em_fpv4_sp_d16_hard_t_le_eabi.a(libc2_asm.o)
                0x000000000002a32a                __aeabi_memcpy
                0x000000000002a32a                memcpy
                0x000000000002a336                __aeabi_memcpy8
                0x000000000002a336                __aeabi_memcpy4
 .text.libc.memset
                0x000000000002a37c       0x66 C:/Program Files/SEGGER/SEGGER Embedded Studio for ARM 4.12/lib/libc_v7em_fpv4_sp_d16_hard_t_le_eabi.a(libc2_asm.o)
                0x000000000002a37c                memset
 .text.libc.strcpy
                0x000000000002a3e2       0x44 C:/Program Files/SEGGER/SEGGER Embedded Studio for ARM 4.12/lib/libc_v7em_fpv4_sp_d16_hard_t_le_eabi.a(libc2_asm.o)
                0x000000000002a3e2                strcpy
 .text.libc.strlen
                0x000000000002a426       0x60 C:/Program Files/SEGGER/SEGGER Embedded Studio for ARM 4.12/lib/libc_v7em_fpv4_sp_d16_hard_t_le_eabi.a(libc2_asm.o)
                0x000000000002a426                strlen
                0x000000000002a486                __text_end__ = (__text_start__ + SIZEOF (.text))
                0x0000000000004162                __text_size__ = SIZEOF (.text)
                0x000000000002a486                __text_load_end__ = __text_end__

.vfp11_veneer   0x0000000100000000        0x0
 .vfp11_veneer  0x0000000100000000        0x0 linker stubs

.v4_bx          0x0000000100000000        0x0
 .v4_bx         0x0000000100000000        0x0 linker stubs

.iplt           0x0000000100000000        0x0
 .iplt          0x0000000100000000        0x0 Output/ble_app_blinky_c_pca10056_s140 Release/Obj/thumb_crt0.o
                0x0000000000000001                . = ASSERT (((__text_start__ == __text_end__) || ((__text_end__ >= __FLASH_segment_start__) && (__text_end__ <= __FLASH_segment_end__))), error: .text is too large to fit in FLASH memory segment)
                0x000000000002a488                __sdh_soc_observers_load_start__ = ALIGN (__text_end__, 0x4)

.sdh_soc_observers
                0x000000000002a488       0x10
                0x000000000002a488                __sdh_soc_observers_start__ = .
                0x000000000002a488                __start_sdh_soc_observers = __sdh_soc_observers_start__
 *(SORT_BY_NAME(.sdh_soc_observers*))
 .sdh_soc_observers0
                0x000000000002a488        0x8 Output/ble_app_blinky_c_pca10056_s140 Release/Obj/nrf_fstorage_sd.o
 .sdh_soc_observers0
                0x000000000002a490        0x8 Output/ble_app_blinky_c_pca10056_s140 Release/Obj/nrf_drv_clock.o
                0x000000000002a498                __sdh_soc_observers_end__ = (__sdh_soc_observers_start__ + SIZEOF (.sdh_soc_observers))
                0x0000000000000010                __sdh_soc_observers_size__ = SIZEOF (.sdh_soc_observers)
                0x000000000002a498                __stop_sdh_soc_observers = __sdh_soc_observers_end__
                0x000000000002a498                __sdh_soc_observers_load_end__ = __sdh_soc_observers_end__
                0x0000000000000001                . = ASSERT (((__sdh_soc_observers_start__ == __sdh_soc_observers_end__) || ((__sdh_soc_observers_end__ >= __FLASH_segment_start__) && (__sdh_soc_observers_end__ <= __FLASH_segment_end__))), error: .sdh_soc_observers is too large to fit in FLASH memory segment)
                0x000000000002a498                __sdh_ble_observers_load_start__ = ALIGN (__sdh_soc_observers_end__, 0x4)

.sdh_ble_observers
                0x000000000002a498       0x30
                0x000000000002a498                __sdh_ble_observers_start__ = .
                0x000000000002a498                __start_sdh_ble_observers = __sdh_ble_observers_start__
 *(SORT_BY_NAME(.sdh_ble_observers*))
 .sdh_ble_observers0
                0x000000000002a498        0x8 Output/ble_app_blinky_c_pca10056_s140 Release/Obj/ble_conn_state.o
 .sdh_ble_observers1
                0x000000000002a4a0        0x8 Output/ble_app_blinky_c_pca10056_s140 Release/Obj/bsp_btn_ble.o
 .sdh_ble_observers1
                0x000000000002a4a8       0x10 Output/ble_app_blinky_c_pca10056_s140 Release/Obj/main.o
 .sdh_ble_observers2
                0x000000000002a4b8        0x8 Output/ble_app_blinky_c_pca10056_s140 Release/Obj/main.o
 .sdh_ble_observers3
                0x000000000002a4c0        0x8 Output/ble_app_blinky_c_pca10056_s140 Release/Obj/main.o
                0x000000000002a4c8                __sdh_ble_observers_end__ = (__sdh_ble_observers_start__ + SIZEOF (.sdh_ble_observers))
                0x0000000000000030                __sdh_ble_observers_size__ = SIZEOF (.sdh_ble_observers)
                0x000000000002a4c8                __stop_sdh_ble_observers = __sdh_ble_observers_end__
                0x000000000002a4c8                __sdh_ble_observers_load_end__ = __sdh_ble_observers_end__
                0x0000000000000001                . = ASSERT (((__sdh_ble_observers_start__ == __sdh_ble_observers_end__) || ((__sdh_ble_observers_end__ >= __FLASH_segment_start__) && (__sdh_ble_observers_end__ <= __FLASH_segment_end__))), error: .sdh_ble_observers is too large to fit in FLASH memory segment)
                0x000000000002a4c8                __pwr_mgmt_data_load_start__ = ALIGN (__sdh_ble_observers_end__, 0x4)

.pwr_mgmt_data  0x000000000002a4c8        0x0
                0x000000000002a4c8                __pwr_mgmt_data_start__ = .
                0x000000000002a4c8                __start_pwr_mgmt_data = __pwr_mgmt_data_start__
 *(SORT_BY_NAME(.pwr_mgmt_data*))
                0x000000000002a4c8                __pwr_mgmt_data_end__ = (__pwr_mgmt_data_start__ + SIZEOF (.pwr_mgmt_data))
                0x0000000000000000                __pwr_mgmt_data_size__ = SIZEOF (.pwr_mgmt_data)
                0x000000000002a4c8                __stop_pwr_mgmt_data = __pwr_mgmt_data_end__
                0x000000000002a4c8                __pwr_mgmt_data_load_end__ = __pwr_mgmt_data_end__
                0x0000000000000001                . = ASSERT (((__pwr_mgmt_data_start__ == __pwr_mgmt_data_end__) || ((__pwr_mgmt_data_end__ >= __FLASH_segment_start__) && (__pwr_mgmt_data_end__ <= __FLASH_segment_end__))), error: .pwr_mgmt_data is too large to fit in FLASH memory segment)
                0x000000000002a4c8                __log_const_data_load_start__ = ALIGN (__pwr_mgmt_data_end__, 0x4)

.log_const_data
                0x000000000002a4c8       0x90
                0x000000000002a4c8                __log_const_data_start__ = .
                0x000000000002a4c8                __start_log_const_data = __log_const_data_start__
 *(SORT_BY_NAME(.log_const_data*))
 .log_const_data_CLOCK
                0x000000000002a4c8        0x8 Output/ble_app_blinky_c_pca10056_s140 Release/Obj/nrfx_clock.o
                0x000000000002a4c8                m_nrf_log_CLOCK_logs_data_const
 .log_const_data_GPIOTE
                0x000000000002a4d0        0x8 Output/ble_app_blinky_c_pca10056_s140 Release/Obj/nrfx_gpiote.o
                0x000000000002a4d0                m_nrf_log_GPIOTE_logs_data_const
 .log_const_data_PRS
                0x000000000002a4d8        0x8 Output/ble_app_blinky_c_pca10056_s140 Release/Obj/nrfx_prs.o
                0x000000000002a4d8                m_nrf_log_PRS_logs_data_const
 .log_const_data_PWM
                0x000000000002a4e0        0x8 Output/ble_app_blinky_c_pca10056_s140 Release/Obj/nrfx_pwm.o
                0x000000000002a4e0                m_nrf_log_PWM_logs_data_const
 .log_const_data_UART
                0x000000000002a4e8        0x8 Output/ble_app_blinky_c_pca10056_s140 Release/Obj/nrfx_uart.o
                0x000000000002a4e8                m_nrf_log_UART_logs_data_const
 .log_const_data_UARTE
                0x000000000002a4f0        0x8 Output/ble_app_blinky_c_pca10056_s140 Release/Obj/nrfx_uarte.o
                0x000000000002a4f0                m_nrf_log_UARTE_logs_data_const
 .log_const_data_app
                0x000000000002a4f8        0x8 Output/ble_app_blinky_c_pca10056_s140 Release/Obj/nrf_log_frontend.o
                0x000000000002a4f8                m_nrf_log_app_logs_data_const
 .log_const_data_atfifo_m_fifo
                0x000000000002a500        0x8 Output/ble_app_blinky_c_pca10056_s140 Release/Obj/nrf_fstorage_sd.o
                0x000000000002a500                m_nrf_log_atfifo_m_fifo_logs_data_const
 .log_const_data_balloc_log_mempool
                0x000000000002a508        0x8 Output/ble_app_blinky_c_pca10056_s140 Release/Obj/nrf_log_frontend.o
                0x000000000002a508                m_nrf_log_balloc_log_mempool_logs_data_const
 .log_const_data_ble_db_disc
                0x000000000002a510        0x8 Output/ble_app_blinky_c_pca10056_s140 Release/Obj/ble_db_discovery.o
                0x000000000002a510                m_nrf_log_ble_db_disc_logs_data_const
 .log_const_data_ble_lbs_c
                0x000000000002a518        0x8 Output/ble_app_blinky_c_pca10056_s140 Release/Obj/ble_lbs_c.o
                0x000000000002a518                m_nrf_log_ble_lbs_c_logs_data_const
 .log_const_data_clock
                0x000000000002a520        0x8 Output/ble_app_blinky_c_pca10056_s140 Release/Obj/nrf_drv_clock.o
                0x000000000002a520                m_nrf_log_clock_logs_data_const
 .log_const_data_nrf_ble_gatt
                0x000000000002a528        0x8 Output/ble_app_blinky_c_pca10056_s140 Release/Obj/nrf_ble_gatt.o
                0x000000000002a528                m_nrf_log_nrf_ble_gatt_logs_data_const
 .log_const_data_nrf_fstorage
                0x000000000002a530        0x8 Output/ble_app_blinky_c_pca10056_s140 Release/Obj/nrf_fstorage.o
                0x000000000002a530                m_nrf_log_nrf_fstorage_logs_data_const
 .log_const_data_nrf_sdh
                0x000000000002a538        0x8 Output/ble_app_blinky_c_pca10056_s140 Release/Obj/nrf_sdh.o
                0x000000000002a538                m_nrf_log_nrf_sdh_logs_data_const
 .log_const_data_nrf_sdh_ble
                0x000000000002a540        0x8 Output/ble_app_blinky_c_pca10056_s140 Release/Obj/nrf_sdh_ble.o
                0x000000000002a540                m_nrf_log_nrf_sdh_ble_logs_data_const
 .log_const_data_nrf_sdh_soc
                0x000000000002a548        0x8 Output/ble_app_blinky_c_pca10056_s140 Release/Obj/nrf_sdh_soc.o
                0x000000000002a548                m_nrf_log_nrf_sdh_soc_logs_data_const
 .log_const_data_pwr_mgmt
                0x000000000002a550        0x8 Output/ble_app_blinky_c_pca10056_s140 Release/Obj/nrf_pwr_mgmt.o
                0x000000000002a550                m_nrf_log_pwr_mgmt_logs_data_const
                0x000000000002a558                __log_const_data_end__ = (__log_const_data_start__ + SIZEOF (.log_const_data))
                0x0000000000000090                __log_const_data_size__ = SIZEOF (.log_const_data)
                0x000000000002a558                __stop_log_const_data = __log_const_data_end__
                0x000000000002a558                __log_const_data_load_end__ = __log_const_data_end__
                0x0000000000000001                . = ASSERT (((__log_const_data_start__ == __log_const_data_end__) || ((__log_const_data_end__ >= __FLASH_segment_start__) && (__log_const_data_end__ <= __FLASH_segment_end__))), error: .log_const_data is too large to fit in FLASH memory segment)
                0x000000000002a558                __nrf_balloc_load_start__ = ALIGN (__log_const_data_end__, 0x4)

.nrf_balloc     0x000000000002a558       0x18
                0x000000000002a558                __nrf_balloc_start__ = .
                0x000000000002a558                __start_nrf_balloc = __nrf_balloc_start__
 *(.nrf_balloc*)
 .nrf_balloc    0x000000000002a558       0x18 Output/ble_app_blinky_c_pca10056_s140 Release/Obj/nrf_log_frontend.o
                0x000000000002a558                log_mempool
                0x000000000002a570                __nrf_balloc_end__ = (__nrf_balloc_start__ + SIZEOF (.nrf_balloc))
                0x0000000000000018                __nrf_balloc_size__ = SIZEOF (.nrf_balloc)
                0x000000000002a570                __stop_nrf_balloc = __nrf_balloc_end__
                0x000000000002a570                __nrf_balloc_load_end__ = __nrf_balloc_end__
                0x0000000000000001                . = ASSERT (((__nrf_balloc_start__ == __nrf_balloc_end__) || ((__nrf_balloc_end__ >= __FLASH_segment_start__) && (__nrf_balloc_end__ <= __FLASH_segment_end__))), error: .nrf_balloc is too large to fit in FLASH memory segment)
                0x000000000002a570                __sdh_state_observers_load_start__ = ALIGN (__nrf_balloc_end__, 0x4)

.sdh_state_observers
                0x000000000002a570       0x10
                0x000000000002a570                __sdh_state_observers_start__ = .
                0x000000000002a570                __start_sdh_state_observers = __sdh_state_observers_start__
 *(SORT_BY_NAME(.sdh_state_observers*))
 .sdh_state_observers0
                0x000000000002a570        0x8 Output/ble_app_blinky_c_pca10056_s140 Release/Obj/nrf_fstorage_sd.o
 .sdh_state_observers0
                0x000000000002a578        0x8 Output/ble_app_blinky_c_pca10056_s140 Release/Obj/nrf_drv_clock.o
                0x000000000002a580                __sdh_state_observers_end__ = (__sdh_state_observers_start__ + SIZEOF (.sdh_state_observers))
                0x0000000000000010                __sdh_state_observers_size__ = SIZEOF (.sdh_state_observers)
                0x000000000002a580                __stop_sdh_state_observers = __sdh_state_observers_end__
                0x000000000002a580                __sdh_state_observers_load_end__ = __sdh_state_observers_end__
                0x0000000000000001                . = ASSERT (((__sdh_state_observers_start__ == __sdh_state_observers_end__) || ((__sdh_state_observers_end__ >= __FLASH_segment_start__) && (__sdh_state_observers_end__ <= __FLASH_segment_end__))), error: .sdh_state_observers is too large to fit in FLASH memory segment)
                0x000000000002a580                __sdh_stack_observers_load_start__ = ALIGN (__sdh_state_observers_end__, 0x4)

.sdh_stack_observers
                0x000000000002a580       0x10
                0x000000000002a580                __sdh_stack_observers_start__ = .
                0x000000000002a580                __start_sdh_stack_observers = __sdh_stack_observers_start__
 *(SORT_BY_NAME(.sdh_stack_observers*))
 .sdh_stack_observers0
                0x000000000002a580        0x8 Output/ble_app_blinky_c_pca10056_s140 Release/Obj/nrf_sdh_ble.o
 .sdh_stack_observers0
                0x000000000002a588        0x8 Output/ble_app_blinky_c_pca10056_s140 Release/Obj/nrf_sdh_soc.o
                0x000000000002a590                __sdh_stack_observers_end__ = (__sdh_stack_observers_start__ + SIZEOF (.sdh_stack_observers))
                0x0000000000000010                __sdh_stack_observers_size__ = SIZEOF (.sdh_stack_observers)
                0x000000000002a590                __stop_sdh_stack_observers = __sdh_stack_observers_end__
                0x000000000002a590                __sdh_stack_observers_load_end__ = __sdh_stack_observers_end__
                0x0000000000000001                . = ASSERT (((__sdh_stack_observers_start__ == __sdh_stack_observers_end__) || ((__sdh_stack_observers_end__ >= __FLASH_segment_start__) && (__sdh_stack_observers_end__ <= __FLASH_segment_end__))), error: .sdh_stack_observers is too large to fit in FLASH memory segment)
                0x000000000002a590                __sdh_req_observers_load_start__ = ALIGN (__sdh_stack_observers_end__, 0x4)

.sdh_req_observers
                0x000000000002a590        0x8
                0x000000000002a590                __sdh_req_observers_start__ = .
                0x000000000002a590                __start_sdh_req_observers = __sdh_req_observers_start__
 *(SORT_BY_NAME(.sdh_req_observers*))
 .sdh_req_observers0
                0x000000000002a590        0x8 Output/ble_app_blinky_c_pca10056_s140 Release/Obj/nrf_fstorage_sd.o
                0x000000000002a590                m_req_obs
                0x000000000002a598                __sdh_req_observers_end__ = (__sdh_req_observers_start__ + SIZEOF (.sdh_req_observers))
                0x0000000000000008                __sdh_req_observers_size__ = SIZEOF (.sdh_req_observers)
                0x000000000002a598                __stop_sdh_req_observers = __sdh_req_observers_end__
                0x000000000002a598                __sdh_req_observers_load_end__ = __sdh_req_observers_end__
                0x0000000000000001                . = ASSERT (((__sdh_req_observers_start__ == __sdh_req_observers_end__) || ((__sdh_req_observers_end__ >= __FLASH_segment_start__) && (__sdh_req_observers_end__ <= __FLASH_segment_end__))), error: .sdh_req_observers is too large to fit in FLASH memory segment)
                0x000000000002a598                __nrf_queue_load_start__ = ALIGN (__sdh_req_observers_end__, 0x4)

.nrf_queue      0x000000000002a598        0x0
                0x000000000002a598                __nrf_queue_start__ = .
                0x000000000002a598                __start_nrf_queue = __nrf_queue_start__
 *(.nrf_queue*)
                0x000000000002a598                __nrf_queue_end__ = (__nrf_queue_start__ + SIZEOF (.nrf_queue))
                0x0000000000000000                __nrf_queue_size__ = SIZEOF (.nrf_queue)
                0x000000000002a598                __stop_nrf_queue = __nrf_queue_end__
                0x000000000002a598                __nrf_queue_load_end__ = __nrf_queue_end__
                0x0000000000000001                . = ASSERT (((__nrf_queue_start__ == __nrf_queue_end__) || ((__nrf_queue_end__ >= __FLASH_segment_start__) && (__nrf_queue_end__ <= __FLASH_segment_end__))), error: .nrf_queue is too large to fit in FLASH memory segment)
                0x000000000002a598                __cli_command_load_start__ = ALIGN (__nrf_queue_end__, 0x4)

.cli_command    0x000000000002a598        0x0
                0x000000000002a598                __cli_command_start__ = .
                0x000000000002a598                __start_cli_command = __cli_command_start__
 *(.cli_command*)
                0x000000000002a598                __cli_command_end__ = (__cli_command_start__ + SIZEOF (.cli_command))
                0x0000000000000000                __cli_command_size__ = SIZEOF (.cli_command)
                0x000000000002a598                __stop_cli_command = __cli_command_end__
                0x000000000002a598                __cli_command_load_end__ = __cli_command_end__
                0x0000000000000001                . = ASSERT (((__cli_command_start__ == __cli_command_end__) || ((__cli_command_end__ >= __FLASH_segment_start__) && (__cli_command_end__ <= __FLASH_segment_end__))), error: .cli_command is too large to fit in FLASH memory segment)
                0x000000000002a598                __crypto_data_load_start__ = ALIGN (__cli_command_end__, 0x4)

.crypto_data    0x000000000002a598        0x0
                0x000000000002a598                __crypto_data_start__ = .
                0x000000000002a598                __start_crypto_data = __crypto_data_start__
 *(SORT_BY_NAME(.crypto_data*))
                0x000000000002a598                __crypto_data_end__ = (__crypto_data_start__ + SIZEOF (.crypto_data))
                0x0000000000000000                __crypto_data_size__ = SIZEOF (.crypto_data)
                0x000000000002a598                __stop_crypto_data = __crypto_data_end__
                0x000000000002a598                __crypto_data_load_end__ = __crypto_data_end__
                0x0000000000000001                . = ASSERT (((__crypto_data_start__ == __crypto_data_end__) || ((__crypto_data_end__ >= __FLASH_segment_start__) && (__crypto_data_end__ <= __FLASH_segment_end__))), error: .crypto_data is too large to fit in FLASH memory segment)
                0x000000000002a598                __nrf_sections_load_start__ = ALIGN (__crypto_data_end__, 0x4)

.nrf_sections   0x000000000002a598        0x0
                0x000000000002a598                __nrf_sections_start__ = .
                0x000000000002a598                __start_nrf_sections = __nrf_sections_start__
 *(.nrf_sections .nrf_sections.*)
                0x000000000002a598                __nrf_sections_end__ = (__nrf_sections_start__ + SIZEOF (.nrf_sections))
                0x0000000000000000                __nrf_sections_size__ = SIZEOF (.nrf_sections)
                0x000000000002a598                __nrf_sections_load_end__ = __nrf_sections_end__
                0x0000000000000001                . = ASSERT (((__nrf_sections_start__ == __nrf_sections_end__) || ((__nrf_sections_end__ >= __FLASH_segment_start__) && (__nrf_sections_end__ <= __FLASH_segment_end__))), error: .nrf_sections is too large to fit in FLASH memory segment)
                0x000000000002a598                __log_dynamic_data_load_start__ = ALIGN (__nrf_sections_end__, 0x4)

.log_dynamic_data
                0x0000000020001d70       0x48 load address 0x000000000002a598
                0x0000000020001d70                __log_dynamic_data_start__ = .
 *(SORT_BY_NAME(.log_dynamic_data*))
 .log_dynamic_data_CLOCK
                0x0000000020001d70        0x4 Output/ble_app_blinky_c_pca10056_s140 Release/Obj/nrfx_clock.o
                0x0000000020001d70                m_nrf_log_CLOCK_logs_data_dynamic
 .log_dynamic_data_GPIOTE
                0x0000000020001d74        0x4 Output/ble_app_blinky_c_pca10056_s140 Release/Obj/nrfx_gpiote.o
                0x0000000020001d74                m_nrf_log_GPIOTE_logs_data_dynamic
 .log_dynamic_data_PRS
                0x0000000020001d78        0x4 Output/ble_app_blinky_c_pca10056_s140 Release/Obj/nrfx_prs.o
                0x0000000020001d78                m_nrf_log_PRS_logs_data_dynamic
 .log_dynamic_data_PWM
                0x0000000020001d7c        0x4 Output/ble_app_blinky_c_pca10056_s140 Release/Obj/nrfx_pwm.o
                0x0000000020001d7c                m_nrf_log_PWM_logs_data_dynamic
 .log_dynamic_data_UART
                0x0000000020001d80        0x4 Output/ble_app_blinky_c_pca10056_s140 Release/Obj/nrfx_uart.o
                0x0000000020001d80                m_nrf_log_UART_logs_data_dynamic
 .log_dynamic_data_UARTE
                0x0000000020001d84        0x4 Output/ble_app_blinky_c_pca10056_s140 Release/Obj/nrfx_uarte.o
                0x0000000020001d84                m_nrf_log_UARTE_logs_data_dynamic
 .log_dynamic_data_app
                0x0000000020001d88        0x4 Output/ble_app_blinky_c_pca10056_s140 Release/Obj/nrf_log_frontend.o
                0x0000000020001d88                m_nrf_log_app_logs_data_dynamic
 .log_dynamic_data_atfifo_m_fifo
                0x0000000020001d8c        0x4 Output/ble_app_blinky_c_pca10056_s140 Release/Obj/nrf_fstorage_sd.o
                0x0000000020001d8c                m_nrf_log_atfifo_m_fifo_logs_data_dynamic
 .log_dynamic_data_balloc_log_mempool
                0x0000000020001d90        0x4 Output/ble_app_blinky_c_pca10056_s140 Release/Obj/nrf_log_frontend.o
                0x0000000020001d90                m_nrf_log_balloc_log_mempool_logs_data_dynamic
 .log_dynamic_data_ble_db_disc
                0x0000000020001d94        0x4 Output/ble_app_blinky_c_pca10056_s140 Release/Obj/ble_db_discovery.o
                0x0000000020001d94                m_nrf_log_ble_db_disc_logs_data_dynamic
 .log_dynamic_data_ble_lbs_c
                0x0000000020001d98        0x4 Output/ble_app_blinky_c_pca10056_s140 Release/Obj/ble_lbs_c.o
                0x0000000020001d98                m_nrf_log_ble_lbs_c_logs_data_dynamic
 .log_dynamic_data_clock
                0x0000000020001d9c        0x4 Output/ble_app_blinky_c_pca10056_s140 Release/Obj/nrf_drv_clock.o
                0x0000000020001d9c                m_nrf_log_clock_logs_data_dynamic
 .log_dynamic_data_nrf_ble_gatt
                0x0000000020001da0        0x4 Output/ble_app_blinky_c_pca10056_s140 Release/Obj/nrf_ble_gatt.o
                0x0000000020001da0                m_nrf_log_nrf_ble_gatt_logs_data_dynamic
 .log_dynamic_data_nrf_fstorage
                0x0000000020001da4        0x4 Output/ble_app_blinky_c_pca10056_s140 Release/Obj/nrf_fstorage.o
                0x0000000020001da4                m_nrf_log_nrf_fstorage_logs_data_dynamic
 .log_dynamic_data_nrf_sdh
                0x0000000020001da8        0x4 Output/ble_app_blinky_c_pca10056_s140 Release/Obj/nrf_sdh.o
                0x0000000020001da8                m_nrf_log_nrf_sdh_logs_data_dynamic
 .log_dynamic_data_nrf_sdh_ble
                0x0000000020001dac        0x4 Output/ble_app_blinky_c_pca10056_s140 Release/Obj/nrf_sdh_ble.o
                0x0000000020001dac                m_nrf_log_nrf_sdh_ble_logs_data_dynamic
 .log_dynamic_data_nrf_sdh_soc
                0x0000000020001db0        0x4 Output/ble_app_blinky_c_pca10056_s140 Release/Obj/nrf_sdh_soc.o
                0x0000000020001db0                m_nrf_log_nrf_sdh_soc_logs_data_dynamic
 .log_dynamic_data_pwr_mgmt
                0x0000000020001db4        0x4 Output/ble_app_blinky_c_pca10056_s140 Release/Obj/nrf_pwr_mgmt.o
                0x0000000020001db4                m_nrf_log_pwr_mgmt_logs_data_dynamic
                0x0000000020001db8                __log_dynamic_data_end__ = (__log_dynamic_data_start__ + SIZEOF (.log_dynamic_data))
                0x0000000000000048                __log_dynamic_data_size__ = SIZEOF (.log_dynamic_data)
                0x000000000002a5e0                __log_dynamic_data_load_end__ = (__log_dynamic_data_load_start__ + SIZEOF (.log_dynamic_data))
                0x0000000000000001                . = ASSERT (((__log_dynamic_data_load_start__ == __log_dynamic_data_load_end__) || ((__log_dynamic_data_load_end__ >= __FLASH_segment_start__) && (__log_dynamic_data_load_end__ <= __FLASH_segment_end__))), error: .log_dynamic_data is too large to fit in FLASH memory segment)

.log_dynamic_data_run
                0x0000000020001d70       0x48 load address 0x000000000002a598
                0x0000000020001d70                __log_dynamic_data_run_start__ = .
                0x0000000020001d70                __start_log_dynamic_data = __log_dynamic_data_run_start__
                0x0000000020001db8                . = MAX ((__log_dynamic_data_run_start__ + SIZEOF (.log_dynamic_data)), .)
 *fill*         0x0000000020001d70       0x48 
                0x0000000020001db8                __log_dynamic_data_run_end__ = (__log_dynamic_data_run_start__ + SIZEOF (.log_dynamic_data_run))
                0x0000000000000048                __log_dynamic_data_run_size__ = SIZEOF (.log_dynamic_data_run)
                0x0000000020001db8                __stop_log_dynamic_data = __log_dynamic_data_run_end__
                0x0000000020001db8                __log_dynamic_data_run_load_end__ = __log_dynamic_data_run_end__
                0x0000000000000001                . = ASSERT (((__log_dynamic_data_run_start__ == __log_dynamic_data_run_end__) || ((__log_dynamic_data_run_end__ >= __RAM_segment_start__) && (__log_dynamic_data_run_end__ <= __RAM_segment_end__))), error: .log_dynamic_data_run is too large to fit in RAM memory segment)
                0x000000000002a5e0                __fs_data_load_start__ = ALIGN ((__log_dynamic_data_load_start__ + SIZEOF (.log_dynamic_data)), 0x4)

.fs_data        0x0000000020001db8        0x0 load address 0x000000000002a5e0
                0x0000000020001db8                __fs_data_start__ = .
 *(.fs_data*)
                0x0000000020001db8                __fs_data_end__ = (__fs_data_start__ + SIZEOF (.fs_data))
                0x0000000000000000                __fs_data_size__ = SIZEOF (.fs_data)
                0x000000000002a5e0                __fs_data_load_end__ = (__fs_data_load_start__ + SIZEOF (.fs_data))
                0x0000000000000001                . = ASSERT (((__fs_data_load_start__ == __fs_data_load_end__) || ((__fs_data_load_end__ >= __FLASH_segment_start__) && (__fs_data_load_end__ <= __FLASH_segment_end__))), error: .fs_data is too large to fit in FLASH memory segment)

.fs_data_run    0x0000000020001db8        0x0
                0x0000000020001db8                __fs_data_run_start__ = .
                0x0000000020001db8                __start_fs_data = __fs_data_run_start__
                0x0000000020001db8                . = MAX ((__fs_data_run_start__ + SIZEOF (.fs_data)), .)
                0x0000000020001db8                __fs_data_run_end__ = (__fs_data_run_start__ + SIZEOF (.fs_data_run))
                0x0000000000000000                __fs_data_run_size__ = SIZEOF (.fs_data_run)
                0x0000000020001db8                __stop_fs_data = __fs_data_run_end__
                0x0000000020001db8                __fs_data_run_load_end__ = __fs_data_run_end__
                0x0000000000000001                . = ASSERT (((__fs_data_run_start__ == __fs_data_run_end__) || ((__fs_data_run_end__ >= __RAM_segment_start__) && (__fs_data_run_end__ <= __RAM_segment_end__))), error: .fs_data_run is too large to fit in RAM memory segment)
                0x000000000002a5e0                __cli_sorted_cmd_ptrs_load_start__ = ALIGN ((__fs_data_load_start__ + SIZEOF (.fs_data)), 0x4)

.cli_sorted_cmd_ptrs
                0x0000000020001db8        0x0 load address 0x000000000002a5e0
                0x0000000020001db8                __cli_sorted_cmd_ptrs_start__ = .
 *(.cli_sorted_cmd_ptrs*)
                0x0000000020001db8                __cli_sorted_cmd_ptrs_end__ = (__cli_sorted_cmd_ptrs_start__ + SIZEOF (.cli_sorted_cmd_ptrs))
                0x0000000000000000                __cli_sorted_cmd_ptrs_size__ = SIZEOF (.cli_sorted_cmd_ptrs)
                0x000000000002a5e0                __cli_sorted_cmd_ptrs_load_end__ = (__cli_sorted_cmd_ptrs_load_start__ + SIZEOF (.cli_sorted_cmd_ptrs))
                0x0000000000000001                . = ASSERT (((__cli_sorted_cmd_ptrs_load_start__ == __cli_sorted_cmd_ptrs_load_end__) || ((__cli_sorted_cmd_ptrs_load_end__ >= __FLASH_segment_start__) && (__cli_sorted_cmd_ptrs_load_end__ <= __FLASH_segment_end__))), error: .cli_sorted_cmd_ptrs is too large to fit in FLASH memory segment)

.cli_sorted_cmd_ptrs_run
                0x0000000020001db8        0x0
                0x0000000020001db8                __cli_sorted_cmd_ptrs_run_start__ = .
                0x0000000020001db8                __start_cli_sorted_cmd_ptrs = __cli_sorted_cmd_ptrs_run_start__
                0x0000000020001db8                . = MAX ((__cli_sorted_cmd_ptrs_run_start__ + SIZEOF (.cli_sorted_cmd_ptrs)), .)
                0x0000000020001db8                __cli_sorted_cmd_ptrs_run_end__ = (__cli_sorted_cmd_ptrs_run_start__ + SIZEOF (.cli_sorted_cmd_ptrs_run))
                0x0000000000000000                __cli_sorted_cmd_ptrs_run_size__ = SIZEOF (.cli_sorted_cmd_ptrs_run)
                0x0000000020001db8                __stop_cli_sorted_cmd_ptrs = __cli_sorted_cmd_ptrs_run_end__
                0x0000000020001db8                __cli_sorted_cmd_ptrs_run_load_end__ = __cli_sorted_cmd_ptrs_run_end__
                0x0000000000000001                . = ASSERT (((__cli_sorted_cmd_ptrs_run_start__ == __cli_sorted_cmd_ptrs_run_end__) || ((__cli_sorted_cmd_ptrs_run_end__ >= __RAM_segment_start__) && (__cli_sorted_cmd_ptrs_run_end__ <= __RAM_segment_end__))), error: .cli_sorted_cmd_ptrs_run is too large to fit in RAM memory segment)
                0x0000000020001db8                __nrf_sections_run_end_load_start__ = ALIGN (__cli_sorted_cmd_ptrs_run_end__, 0x4)

.nrf_sections_run_end
                0x0000000020001db8        0x0
                0x0000000020001db8                __nrf_sections_run_end_start__ = .
                0x0000000020001db8                __end_nrf_sections_run = __nrf_sections_run_end_start__
 *(.nrf_sections_run_end .nrf_sections_run_end.*)
                0x0000000020001db8                __nrf_sections_run_end_end__ = (__nrf_sections_run_end_start__ + SIZEOF (.nrf_sections_run_end))
                0x0000000000000000                __nrf_sections_run_end_size__ = SIZEOF (.nrf_sections_run_end)
                0x0000000020001db8                __nrf_sections_run_end_load_end__ = __nrf_sections_run_end_end__
                0x0000000000000001                . = ASSERT (((__nrf_sections_run_end_start__ == __nrf_sections_run_end_end__) || ((__nrf_sections_run_end_end__ >= __RAM_segment_start__) && (__nrf_sections_run_end_end__ <= __RAM_segment_end__))), error: .nrf_sections_run_end is too large to fit in RAM memory segment)
                0x000000000002a5e0                __dtors_load_start__ = ALIGN ((__cli_sorted_cmd_ptrs_load_start__ + SIZEOF (.cli_sorted_cmd_ptrs)), 0x4)

.dtors          0x000000000002a5e0        0x0
                0x000000000002a5e0                __dtors_start__ = .
 *(SORT_BY_NAME(.dtors.*))
 *(.dtors)
 *(.fini_array)
 *(SORT_BY_NAME(.fini_array.*))
                0x000000000002a5e0                __dtors_end__ = (__dtors_start__ + SIZEOF (.dtors))
                0x0000000000000000                __dtors_size__ = SIZEOF (.dtors)
                0x000000000002a5e0                __dtors_load_end__ = __dtors_end__
                0x0000000000000001                . = ASSERT (((__dtors_start__ == __dtors_end__) || ((__dtors_end__ >= __FLASH_segment_start__) && (__dtors_end__ <= __FLASH_segment_end__))), error: .dtors is too large to fit in FLASH memory segment)
                0x000000000002a5e0                __ctors_load_start__ = ALIGN (__dtors_end__, 0x4)

.ctors          0x000000000002a5e0        0x0
                0x000000000002a5e0                __ctors_start__ = .
 *(SORT_BY_NAME(.ctors.*))
 *(.ctors)
 *(.init_array)
 *(SORT_BY_NAME(.init_array.*))
                0x000000000002a5e0                __ctors_end__ = (__ctors_start__ + SIZEOF (.ctors))
                0x0000000000000000                __ctors_size__ = SIZEOF (.ctors)
                0x000000000002a5e0                __ctors_load_end__ = __ctors_end__
                0x0000000000000001                . = ASSERT (((__ctors_start__ == __ctors_end__) || ((__ctors_end__ >= __FLASH_segment_start__) && (__ctors_end__ <= __FLASH_segment_end__))), error: .ctors is too large to fit in FLASH memory segment)
                0x000000000002a5e0                __rodata_load_start__ = ALIGN (__ctors_end__, 0x4)

.rodata         0x000000000002a5e0      0xdec
                0x000000000002a5e0                __rodata_start__ = .
 *(.rodata .rodata.* .gnu.linkonce.r.*)
 .rodata.delay_bytecode.8779
                0x000000000002a5e0        0x6 Output/ble_app_blinky_c_pca10056_s140 Release/Obj/nrf_log_backend_rtt.o
 *fill*         0x000000000002a5e6        0x2 
 .rodata.nrf_log_backend_rtt_api
                0x000000000002a5e8        0xc Output/ble_app_blinky_c_pca10056_s140 Release/Obj/nrf_log_backend_rtt.o
                0x000000000002a5e8                nrf_log_backend_rtt_api
 .rodata.nrf_log_frontend_dequeue.str1.1
                0x000000000002a5f4       0x11 Output/ble_app_blinky_c_pca10056_s140 Release/Obj/nrf_log_frontend.o
 .rodata.str1.1
                0x000000000002a605       0x17 Output/ble_app_blinky_c_pca10056_s140 Release/Obj/nrf_log_frontend.o
 .rodata.m_colors
                0x000000000002a61c       0x24 Output/ble_app_blinky_c_pca10056_s140 Release/Obj/nrf_log_str_formatter.o
 .rodata.nrf_log_hexdump_entry_process.str1.1
                0x000000000002a640        0xf Output/ble_app_blinky_c_pca10056_s140 Release/Obj/nrf_log_str_formatter.o
                                         0x11 (size before relaxing)
 .rodata.postfix_process.str1.1
                0x000000000002a64f        0x5 Output/ble_app_blinky_c_pca10056_s140 Release/Obj/nrf_log_str_formatter.o
                                          0xb (size before relaxing)
 .rodata.prefix_process.str1.1
                0x000000000002a654       0x2a Output/ble_app_blinky_c_pca10056_s140 Release/Obj/nrf_log_str_formatter.o
 *fill*         0x000000000002a67e        0x2 
 .rodata.severity_names
                0x000000000002a680       0x14 Output/ble_app_blinky_c_pca10056_s140 Release/Obj/nrf_log_str_formatter.o
 .rodata.str1.1
                0x000000000002a694       0x4b Output/ble_app_blinky_c_pca10056_s140 Release/Obj/nrf_log_str_formatter.o
                                         0x51 (size before relaxing)
 *fill*         0x000000000002a6df        0x1 
 .rodata.m_detection_delay_timer_id
                0x000000000002a6e0        0x4 Output/ble_app_blinky_c_pca10056_s140 Release/Obj/app_button.o
 .rodata.app_error_fault_handler.str1.1
                0x000000000002a6e4       0x19 Output/ble_app_blinky_c_pca10056_s140 Release/Obj/app_error_weak.o
 *fill*         0x000000000002a6fd        0x3 
 .rodata.delay_bytecode.8508
                0x000000000002a700        0x6 Output/ble_app_blinky_c_pca10056_s140 Release/Obj/app_timer.o
 .rodata._aV2C.7683
                0x000000000002a706       0x10 Output/ble_app_blinky_c_pca10056_s140 Release/Obj/nrf_fprintf_format.o
 .rodata.str1.1
                0x000000000002a716        0xd Output/ble_app_blinky_c_pca10056_s140 Release/Obj/nrf_fstorage.o
 .rodata.str1.1
                0x000000000002a723        0xe Output/ble_app_blinky_c_pca10056_s140 Release/Obj/nrf_fstorage_sd.o
 *fill*         0x000000000002a731        0x3 
 .rodata.pwr_mgmt_data
                0x000000000002a734        0xc Output/ble_app_blinky_c_pca10056_s140 Release/Obj/nrf_pwr_mgmt.o
 .rodata.str1.1
                0x000000000002a740        0x9 Output/ble_app_blinky_c_pca10056_s140 Release/Obj/nrf_pwr_mgmt.o
 .rodata.m_unknown_str
                0x000000000002a749       0x13 Output/ble_app_blinky_c_pca10056_s140 Release/Obj/nrf_strerror.o
 .rodata.nrf_strerror_array
                0x000000000002a75c      0x128 Output/ble_app_blinky_c_pca10056_s140 Release/Obj/nrf_strerror.o
 .rodata.str1.1
                0x000000000002a884      0x3ba Output/ble_app_blinky_c_pca10056_s140 Release/Obj/nrf_strerror.o
 .rodata.m_board_led_list
                0x000000000002ac3e        0x4 Output/ble_app_blinky_c_pca10056_s140 Release/Obj/boards.o
 .rodata.str1.1
                0x000000000002ac42        0x6 Output/ble_app_blinky_c_pca10056_s140 Release/Obj/nrf_drv_clock.o
 .rodata.str1.1
                0x000000000002ac48        0x6 Output/ble_app_blinky_c_pca10056_s140 Release/Obj/nrfx_clock.o
 .rodata.str1.1
                0x000000000002ac4e        0x7 Output/ble_app_blinky_c_pca10056_s140 Release/Obj/nrfx_gpiote.o
 .rodata.str1.1
                0x000000000002ac55        0x4 Output/ble_app_blinky_c_pca10056_s140 Release/Obj/nrfx_prs.o
 .rodata.str1.1
                0x000000000002ac59        0x5 Output/ble_app_blinky_c_pca10056_s140 Release/Obj/nrfx_uart.o
 .rodata.str1.1
                0x000000000002ac5e        0x6 Output/ble_app_blinky_c_pca10056_s140 Release/Obj/nrfx_uarte.o
 .rodata.str1.1
                0x000000000002ac64        0x4 Output/ble_app_blinky_c_pca10056_s140 Release/Obj/nrfx_pwm.o
 .rodata        0x000000000002ac68        0xc Output/ble_app_blinky_c_pca10056_s140 Release/Obj/main.o
 .rodata.ble_evt_handler.str1.1
                0x000000000002ac74       0x36 Output/ble_app_blinky_c_pca10056_s140 Release/Obj/main.o
 .rodata.button_event_handler.str1.1
                0x000000000002acaa       0x17 Output/ble_app_blinky_c_pca10056_s140 Release/Obj/main.o
 *fill*         0x000000000002acc1        0xf 
 .rodata.delay_bytecode.9777
                0x000000000002acd0        0x6 Output/ble_app_blinky_c_pca10056_s140 Release/Obj/main.o
 .rodata.lbs_c_evt_handler.str1.1
                0x000000000002acd6       0x59 Output/ble_app_blinky_c_pca10056_s140 Release/Obj/main.o
 *fill*         0x000000000002ad2f        0x1 
 .rodata.m_RGB_seq
                0x000000000002ad30       0x10 Output/ble_app_blinky_c_pca10056_s140 Release/Obj/main.o
 .rodata.m_scan_params
                0x000000000002ad40        0xe Output/ble_app_blinky_c_pca10056_s140 Release/Obj/main.o
 *fill*         0x000000000002ad4e        0x2 
 .rodata.m_singleshot_timer_id
                0x000000000002ad50        0x4 Output/ble_app_blinky_c_pca10056_s140 Release/Obj/main.o
 .rodata.m_target_periph_name
                0x000000000002ad54        0x5 Output/ble_app_blinky_c_pca10056_s140 Release/Obj/main.o
 .rodata.main.str1.1
                0x000000000002ad59       0x20 Output/ble_app_blinky_c_pca10056_s140 Release/Obj/main.o
 .rodata._DoInit.str1.1
                0x000000000002ad79       0x14 Output/ble_app_blinky_c_pca10056_s140 Release/Obj/SEGGER_RTT.o
 .rodata.str1.1
                0x000000000002ad8d        0xc Output/ble_app_blinky_c_pca10056_s140 Release/Obj/ble_db_discovery.o
 .rodata.data_length_update.str1.1
                0x000000000002ad99       0xdf Output/ble_app_blinky_c_pca10056_s140 Release/Obj/nrf_ble_gatt.o
 .rodata.nrf_ble_gatt_on_ble_evt.str1.1
                0x000000000002ae78       0x60 Output/ble_app_blinky_c_pca10056_s140 Release/Obj/nrf_ble_gatt.o
 .rodata.str1.1
                0x000000000002aed8        0xd Output/ble_app_blinky_c_pca10056_s140 Release/Obj/nrf_ble_gatt.o
 .rodata        0x000000000002aee5       0x10 Output/ble_app_blinky_c_pca10056_s140 Release/Obj/ble_lbs_c.o
 .rodata.str1.1
                0x000000000002aef5        0xa Output/ble_app_blinky_c_pca10056_s140 Release/Obj/ble_lbs_c.o
 .rodata        0x000000000002aeff        0x4 Output/ble_app_blinky_c_pca10056_s140 Release/Obj/nrf_sdh.o
 *fill*         0x000000000002af03        0x1 
 .rodata.sdh_req_observers
                0x000000000002af04        0xc Output/ble_app_blinky_c_pca10056_s140 Release/Obj/nrf_sdh.o
 .rodata.sdh_stack_observers
                0x000000000002af10        0xc Output/ble_app_blinky_c_pca10056_s140 Release/Obj/nrf_sdh.o
 .rodata.sdh_state_observers
                0x000000000002af1c        0xc Output/ble_app_blinky_c_pca10056_s140 Release/Obj/nrf_sdh.o
 .rodata.str1.1
                0x000000000002af28        0x8 Output/ble_app_blinky_c_pca10056_s140 Release/Obj/nrf_sdh.o
 .rodata.nrf_sdh_ble_default_cfg_set.str1.1
                0x000000000002af30      0x182 Output/ble_app_blinky_c_pca10056_s140 Release/Obj/nrf_sdh_ble.o
 .rodata.nrf_sdh_ble_enable.str1.1
                0x000000000002b0b2       0xa7 Output/ble_app_blinky_c_pca10056_s140 Release/Obj/nrf_sdh_ble.o
 *fill*         0x000000000002b159        0x3 
 .rodata.sdh_ble_observers
                0x000000000002b15c        0xc Output/ble_app_blinky_c_pca10056_s140 Release/Obj/nrf_sdh_ble.o
 .rodata.str1.1
                0x000000000002b168        0xc Output/ble_app_blinky_c_pca10056_s140 Release/Obj/nrf_sdh_ble.o
 .rodata.sdh_soc_observers
                0x000000000002b174        0xc Output/ble_app_blinky_c_pca10056_s140 Release/Obj/nrf_sdh_soc.o
 .rodata.str1.1
                0x000000000002b180        0xc Output/ble_app_blinky_c_pca10056_s140 Release/Obj/nrf_sdh_soc.o
 .rodata.libc.__RAL_ascii_ctype_map
                0x000000000002b18c       0x80 C:/Program Files/SEGGER/SEGGER Embedded Studio for ARM 4.12/lib/libc_v7em_fpv4_sp_d16_hard_t_le_eabi.a(libc2.o)
                0x000000000002b18c                __RAL_ascii_ctype_map
 .rodata.libc.__RAL_ascii_ctype_mask
                0x000000000002b20c        0xd C:/Program Files/SEGGER/SEGGER Embedded Studio for ARM 4.12/lib/libc_v7em_fpv4_sp_d16_hard_t_le_eabi.a(libc2.o)
 *fill*         0x000000000002b219        0x3 
 .rodata.libc.__RAL_c_locale
                0x000000000002b21c        0xc C:/Program Files/SEGGER/SEGGER Embedded Studio for ARM 4.12/lib/libc_v7em_fpv4_sp_d16_hard_t_le_eabi.a(libc2.o)
                0x000000000002b21c                __RAL_c_locale
 .rodata.libc.__RAL_c_locale_abbrev_day_names
                0x000000000002b228       0x1d C:/Program Files/SEGGER/SEGGER Embedded Studio for ARM 4.12/lib/libc_v7em_fpv4_sp_d16_hard_t_le_eabi.a(libc2.o)
                0x000000000002b228                __RAL_c_locale_abbrev_day_names
 *fill*         0x000000000002b245        0x3 
 .rodata.libc.__RAL_c_locale_abbrev_month_names
                0x000000000002b248       0x31 C:/Program Files/SEGGER/SEGGER Embedded Studio for ARM 4.12/lib/libc_v7em_fpv4_sp_d16_hard_t_le_eabi.a(libc2.o)
                0x000000000002b248                __RAL_c_locale_abbrev_month_names
 *fill*         0x000000000002b279        0x3 